Display7Seg.c:18:6:BlinkLed	16	static
Display7Seg.c:42:6:Display_Init	8	static
Display7Seg.c:52:6:Display_Led_Red1	8	static
Display7Seg.c:57:6:Display_Led_Green1	8	static
Display7Seg.c:62:6:Display_Led_Yellow1	8	static
Display7Seg.c:68:6:Display_Led_Red2	8	static
Display7Seg.c:73:6:Display_Led_Green2	8	static
Display7Seg.c:78:6:Display_Led_Yellow2	8	static
Display7Seg.c:91:6:display7SEG	16	static
Display7Seg.c:148:6:update7SEG	16	static
Display7Seg.c:185:6:updateClockBuffer	16	static
Display7Seg.c:197:6:Run_7SEG	8	static
