14:03:29 **** Incremental Build of configuration Debug for project Button1 ****
make -j16 all 
arm-none-eabi-gcc "../Drivers/STM32F1xx_HAL_Driver/Src/stm32f1xx_hal.c" -mcpu=cortex-m3 -std=gnu11 -g3 -DDEBUG -DUSE_HAL_DRIVER -DSTM32F103x6 -c -I../Core/Inc -I../Drivers/STM32F1xx_HAL_Driver/Inc -I../Drivers/STM32F1xx_HAL_Driver/Inc/Legacy -I../Drivers/CMSIS/Device/ST/STM32F1xx/Include -I../Drivers/CMSIS/Include -O0 -ffunction-sections -fdata-sections -Wall -fstack-usage -MMD -MP -MF"Drivers/STM32F1xx_HAL_Driver/Src/stm32f1xx_hal.d" -MT"Drivers/STM32F1xx_HAL_Driver/Src/stm32f1xx_hal.o" --specs=nano.specs -mfloat-abi=soft -mthumb -o "Drivers/STM32F1xx_HAL_Driver/Src/stm32f1xx_hal.o"
arm-none-eabi-gcc "../Drivers/STM32F1xx_HAL_Driver/Src/stm32f1xx_hal_cortex.c" -mcpu=cortex-m3 -std=gnu11 -g3 -DDEBUG -DUSE_HAL_DRIVER -DSTM32F103x6 -c -I../Core/Inc -I../Drivers/STM32F1xx_HAL_Driver/Inc -I../Drivers/STM32F1xx_HAL_Driver/Inc/Legacy -I../Drivers/CMSIS/Device/ST/STM32F1xx/Include -I../Drivers/CMSIS/Include -O0 -ffunction-sections -fdata-sections -Wall -fstack-usage -MMD -MP -MF"Drivers/STM32F1xx_HAL_Driver/Src/stm32f1xx_hal_cortex.d" -MT"Drivers/STM32F1xx_HAL_Driver/Src/stm32f1xx_hal_cortex.o" --specs=nano.specs -mfloat-abi=soft -mthumb -o "Drivers/STM32F1xx_HAL_Driver/Src/stm32f1xx_hal_cortex.o"
arm-none-eabi-gcc "../Drivers/STM32F1xx_HAL_Driver/Src/stm32f1xx_hal_dma.c" -mcpu=cortex-m3 -std=gnu11 -g3 -DDEBUG -DUSE_HAL_DRIVER -DSTM32F103x6 -c -I../Core/Inc -I../Drivers/STM32F1xx_HAL_Driver/Inc -I../Drivers/STM32F1xx_HAL_Driver/Inc/Legacy -I../Drivers/CMSIS/Device/ST/STM32F1xx/Include -I../Drivers/CMSIS/Include -O0 -ffunction-sections -fdata-sections -Wall -fstack-usage -MMD -MP -MF"Drivers/STM32F1xx_HAL_Driver/Src/stm32f1xx_hal_dma.d" -MT"Drivers/STM32F1xx_HAL_Driver/Src/stm32f1xx_hal_dma.o" --specs=nano.specs -mfloat-abi=soft -mthumb -o "Drivers/STM32F1xx_HAL_Driver/Src/stm32f1xx_hal_dma.o"
arm-none-eabi-gcc "../Drivers/STM32F1xx_HAL_Driver/Src/stm32f1xx_hal_exti.c" -mcpu=cortex-m3 -std=gnu11 -g3 -DDEBUG -DUSE_HAL_DRIVER -DSTM32F103x6 -c -I../Core/Inc -I../Drivers/STM32F1xx_HAL_Driver/Inc -I../Drivers/STM32F1xx_HAL_Driver/Inc/Legacy -I../Drivers/CMSIS/Device/ST/STM32F1xx/Include -I../Drivers/CMSIS/Include -O0 -ffunction-sections -fdata-sections -Wall -fstack-usage -MMD -MP -MF"Drivers/STM32F1xx_HAL_Driver/Src/stm32f1xx_hal_exti.d" -MT"Drivers/STM32F1xx_HAL_Driver/Src/stm32f1xx_hal_exti.o" --specs=nano.specs -mfloat-abi=soft -mthumb -o "Drivers/STM32F1xx_HAL_Driver/Src/stm32f1xx_hal_exti.o"
arm-none-eabi-gcc "../Drivers/STM32F1xx_HAL_Driver/Src/stm32f1xx_hal_flash.c" -mcpu=cortex-m3 -std=gnu11 -g3 -DDEBUG -DUSE_HAL_DRIVER -DSTM32F103x6 -c -I../Core/Inc -I../Drivers/STM32F1xx_HAL_Driver/Inc -I../Drivers/STM32F1xx_HAL_Driver/Inc/Legacy -I../Drivers/CMSIS/Device/ST/STM32F1xx/Include -I../Drivers/CMSIS/Include -O0 -ffunction-sections -fdata-sections -Wall -fstack-usage -MMD -MP -MF"Drivers/STM32F1xx_HAL_Driver/Src/stm32f1xx_hal_flash.d" -MT"Drivers/STM32F1xx_HAL_Driver/Src/stm32f1xx_hal_flash.o" --specs=nano.specs -mfloat-abi=soft -mthumb -o "Drivers/STM32F1xx_HAL_Driver/Src/stm32f1xx_hal_flash.o"
arm-none-eabi-gcc "../Drivers/STM32F1xx_HAL_Driver/Src/stm32f1xx_hal_flash_ex.c" -mcpu=cortex-m3 -std=gnu11 -g3 -DDEBUG -DUSE_HAL_DRIVER -DSTM32F103x6 -c -I../Core/Inc -I../Drivers/STM32F1xx_HAL_Driver/Inc -I../Drivers/STM32F1xx_HAL_Driver/Inc/Legacy -I../Drivers/CMSIS/Device/ST/STM32F1xx/Include -I../Drivers/CMSIS/Include -O0 -ffunction-sections -fdata-sections -Wall -fstack-usage -MMD -MP -MF"Drivers/STM32F1xx_HAL_Driver/Src/stm32f1xx_hal_flash_ex.d" -MT"Drivers/STM32F1xx_HAL_Driver/Src/stm32f1xx_hal_flash_ex.o" --specs=nano.specs -mfloat-abi=soft -mthumb -o "Drivers/STM32F1xx_HAL_Driver/Src/stm32f1xx_hal_flash_ex.o"
arm-none-eabi-gcc "../Drivers/STM32F1xx_HAL_Driver/Src/stm32f1xx_hal_gpio.c" -mcpu=cortex-m3 -std=gnu11 -g3 -DDEBUG -DUSE_HAL_DRIVER -DSTM32F103x6 -c -I../Core/Inc -I../Drivers/STM32F1xx_HAL_Driver/Inc -I../Drivers/STM32F1xx_HAL_Driver/Inc/Legacy -I../Drivers/CMSIS/Device/ST/STM32F1xx/Include -I../Drivers/CMSIS/Include -O0 -ffunction-sections -fdata-sections -Wall -fstack-usage -MMD -MP -MF"Drivers/STM32F1xx_HAL_Driver/Src/stm32f1xx_hal_gpio.d" -MT"Drivers/STM32F1xx_HAL_Driver/Src/stm32f1xx_hal_gpio.o" --specs=nano.specs -mfloat-abi=soft -mthumb -o "Drivers/STM32F1xx_HAL_Driver/Src/stm32f1xx_hal_gpio.o"
arm-none-eabi-gcc "../Drivers/STM32F1xx_HAL_Driver/Src/stm32f1xx_hal_gpio_ex.c" -mcpu=cortex-m3 -std=gnu11 -g3 -DDEBUG -DUSE_HAL_DRIVER -DSTM32F103x6 -c -I../Core/Inc -I../Drivers/STM32F1xx_HAL_Driver/Inc -I../Drivers/STM32F1xx_HAL_Driver/Inc/Legacy -I../Drivers/CMSIS/Device/ST/STM32F1xx/Include -I../Drivers/CMSIS/Include -O0 -ffunction-sections -fdata-sections -Wall -fstack-usage -MMD -MP -MF"Drivers/STM32F1xx_HAL_Driver/Src/stm32f1xx_hal_gpio_ex.d" -MT"Drivers/STM32F1xx_HAL_Driver/Src/stm32f1xx_hal_gpio_ex.o" --specs=nano.specs -mfloat-abi=soft -mthumb -o "Drivers/STM32F1xx_HAL_Driver/Src/stm32f1xx_hal_gpio_ex.o"
arm-none-eabi-gcc "../Drivers/STM32F1xx_HAL_Driver/Src/stm32f1xx_hal_pwr.c" -mcpu=cortex-m3 -std=gnu11 -g3 -DDEBUG -DUSE_HAL_DRIVER -DSTM32F103x6 -c -I../Core/Inc -I../Drivers/STM32F1xx_HAL_Driver/Inc -I../Drivers/STM32F1xx_HAL_Driver/Inc/Legacy -I../Drivers/CMSIS/Device/ST/STM32F1xx/Include -I../Drivers/CMSIS/Include -O0 -ffunction-sections -fdata-sections -Wall -fstack-usage -MMD -MP -MF"Drivers/STM32F1xx_HAL_Driver/Src/stm32f1xx_hal_pwr.d" -MT"Drivers/STM32F1xx_HAL_Driver/Src/stm32f1xx_hal_pwr.o" --specs=nano.specs -mfloat-abi=soft -mthumb -o "Drivers/STM32F1xx_HAL_Driver/Src/stm32f1xx_hal_pwr.o"
arm-none-eabi-gcc "../Drivers/STM32F1xx_HAL_Driver/Src/stm32f1xx_hal_rcc.c" -mcpu=cortex-m3 -std=gnu11 -g3 -DDEBUG -DUSE_HAL_DRIVER -DSTM32F103x6 -c -I../Core/Inc -I../Drivers/STM32F1xx_HAL_Driver/Inc -I../Drivers/STM32F1xx_HAL_Driver/Inc/Legacy -I../Drivers/CMSIS/Device/ST/STM32F1xx/Include -I../Drivers/CMSIS/Include -O0 -ffunction-sections -fdata-sections -Wall -fstack-usage -MMD -MP -MF"Drivers/STM32F1xx_HAL_Driver/Src/stm32f1xx_hal_rcc.d" -MT"Drivers/STM32F1xx_HAL_Driver/Src/stm32f1xx_hal_rcc.o" --specs=nano.specs -mfloat-abi=soft -mthumb -o "Drivers/STM32F1xx_HAL_Driver/Src/stm32f1xx_hal_rcc.o"
arm-none-eabi-gcc "../Drivers/STM32F1xx_HAL_Driver/Src/stm32f1xx_hal_rcc_ex.c" -mcpu=cortex-m3 -std=gnu11 -g3 -DDEBUG -DUSE_HAL_DRIVER -DSTM32F103x6 -c -I../Core/Inc -I../Drivers/STM32F1xx_HAL_Driver/Inc -I../Drivers/STM32F1xx_HAL_Driver/Inc/Legacy -I../Drivers/CMSIS/Device/ST/STM32F1xx/Include -I../Drivers/CMSIS/Include -O0 -ffunction-sections -fdata-sections -Wall -fstack-usage -MMD -MP -MF"Drivers/STM32F1xx_HAL_Driver/Src/stm32f1xx_hal_rcc_ex.d" -MT"Drivers/STM32F1xx_HAL_Driver/Src/stm32f1xx_hal_rcc_ex.o" --specs=nano.specs -mfloat-abi=soft -mthumb -o "Drivers/STM32F1xx_HAL_Driver/Src/stm32f1xx_hal_rcc_ex.o"
arm-none-eabi-gcc "../Drivers/STM32F1xx_HAL_Driver/Src/stm32f1xx_hal_tim.c" -mcpu=cortex-m3 -std=gnu11 -g3 -DDEBUG -DUSE_HAL_DRIVER -DSTM32F103x6 -c -I../Core/Inc -I../Drivers/STM32F1xx_HAL_Driver/Inc -I../Drivers/STM32F1xx_HAL_Driver/Inc/Legacy -I../Drivers/CMSIS/Device/ST/STM32F1xx/Include -I../Drivers/CMSIS/Include -O0 -ffunction-sections -fdata-sections -Wall -fstack-usage -MMD -MP -MF"Drivers/STM32F1xx_HAL_Driver/Src/stm32f1xx_hal_tim.d" -MT"Drivers/STM32F1xx_HAL_Driver/Src/stm32f1xx_hal_tim.o" --specs=nano.specs -mfloat-abi=soft -mthumb -o "Drivers/STM32F1xx_HAL_Driver/Src/stm32f1xx_hal_tim.o"
arm-none-eabi-gcc "../Drivers/STM32F1xx_HAL_Driver/Src/stm32f1xx_hal_tim_ex.c" -mcpu=cortex-m3 -std=gnu11 -g3 -DDEBUG -DUSE_HAL_DRIVER -DSTM32F103x6 -c -I../Core/Inc -I../Drivers/STM32F1xx_HAL_Driver/Inc -I../Drivers/STM32F1xx_HAL_Driver/Inc/Legacy -I../Drivers/CMSIS/Device/ST/STM32F1xx/Include -I../Drivers/CMSIS/Include -O0 -ffunction-sections -fdata-sections -Wall -fstack-usage -MMD -MP -MF"Drivers/STM32F1xx_HAL_Driver/Src/stm32f1xx_hal_tim_ex.d" -MT"Drivers/STM32F1xx_HAL_Driver/Src/stm32f1xx_hal_tim_ex.o" --specs=nano.specs -mfloat-abi=soft -mthumb -o "Drivers/STM32F1xx_HAL_Driver/Src/stm32f1xx_hal_tim_ex.o"
arm-none-eabi-gcc "../Core/Src/Display.c" -mcpu=cortex-m3 -std=gnu11 -g3 -DDEBUG -DUSE_HAL_DRIVER -DSTM32F103x6 -c -I../Core/Inc -I../Drivers/STM32F1xx_HAL_Driver/Inc -I../Drivers/STM32F1xx_HAL_Driver/Inc/Legacy -I../Drivers/CMSIS/Device/ST/STM32F1xx/Include -I../Drivers/CMSIS/Include -O0 -ffunction-sections -fdata-sections -Wall -fstack-usage -MMD -MP -MF"Core/Src/Display.d" -MT"Core/Src/Display.o" --specs=nano.specs -mfloat-abi=soft -mthumb -o "Core/Src/Display.o"
arm-none-eabi-gcc "../Core/Src/State_Machine.c" -mcpu=cortex-m3 -std=gnu11 -g3 -DDEBUG -DUSE_HAL_DRIVER -DSTM32F103x6 -c -I../Core/Inc -I../Drivers/STM32F1xx_HAL_Driver/Inc -I../Drivers/STM32F1xx_HAL_Driver/Inc/Legacy -I../Drivers/CMSIS/Device/ST/STM32F1xx/Include -I../Drivers/CMSIS/Include -O0 -ffunction-sections -fdata-sections -Wall -fstack-usage -MMD -MP -MF"Core/Src/State_Machine.d" -MT"Core/Src/State_Machine.o" --specs=nano.specs -mfloat-abi=soft -mthumb -o "Core/Src/State_Machine.o"
arm-none-eabi-gcc "../Core/Src/button.c" -mcpu=cortex-m3 -std=gnu11 -g3 -DDEBUG -DUSE_HAL_DRIVER -DSTM32F103x6 -c -I../Core/Inc -I../Drivers/STM32F1xx_HAL_Driver/Inc -I../Drivers/STM32F1xx_HAL_Driver/Inc/Legacy -I../Drivers/CMSIS/Device/ST/STM32F1xx/Include -I../Drivers/CMSIS/Include -O0 -ffunction-sections -fdata-sections -Wall -fstack-usage -MMD -MP -MF"Core/Src/button.d" -MT"Core/Src/button.o" --specs=nano.specs -mfloat-abi=soft -mthumb -o "Core/Src/button.o"
arm-none-eabi-gcc "../Core/Src/global.c" -mcpu=cortex-m3 -std=gnu11 -g3 -DDEBUG -DUSE_HAL_DRIVER -DSTM32F103x6 -c -I../Core/Inc -I../Drivers/STM32F1xx_HAL_Driver/Inc -I../Drivers/STM32F1xx_HAL_Driver/Inc/Legacy -I../Drivers/CMSIS/Device/ST/STM32F1xx/Include -I../Drivers/CMSIS/Include -O0 -ffunction-sections -fdata-sections -Wall -fstack-usage -MMD -MP -MF"Core/Src/global.d" -MT"Core/Src/global.o" --specs=nano.specs -mfloat-abi=soft -mthumb -o "Core/Src/global.o"
arm-none-eabi-gcc "../Core/Src/main.c" -mcpu=cortex-m3 -std=gnu11 -g3 -DDEBUG -DUSE_HAL_DRIVER -DSTM32F103x6 -c -I../Core/Inc -I../Drivers/STM32F1xx_HAL_Driver/Inc -I../Drivers/STM32F1xx_HAL_Driver/Inc/Legacy -I../Drivers/CMSIS/Device/ST/STM32F1xx/Include -I../Drivers/CMSIS/Include -O0 -ffunction-sections -fdata-sections -Wall -fstack-usage -MMD -MP -MF"Core/Src/main.d" -MT"Core/Src/main.o" --specs=nano.specs -mfloat-abi=soft -mthumb -o "Core/Src/main.o"
arm-none-eabi-gcc "../Core/Src/stm32f1xx_hal_msp.c" -mcpu=cortex-m3 -std=gnu11 -g3 -DDEBUG -DUSE_HAL_DRIVER -DSTM32F103x6 -c -I../Core/Inc -I../Drivers/STM32F1xx_HAL_Driver/Inc -I../Drivers/STM32F1xx_HAL_Driver/Inc/Legacy -I../Drivers/CMSIS/Device/ST/STM32F1xx/Include -I../Drivers/CMSIS/Include -O0 -ffunction-sections -fdata-sections -Wall -fstack-usage -MMD -MP -MF"Core/Src/stm32f1xx_hal_msp.d" -MT"Core/Src/stm32f1xx_hal_msp.o" --specs=nano.specs -mfloat-abi=soft -mthumb -o "Core/Src/stm32f1xx_hal_msp.o"
arm-none-eabi-gcc "../Core/Src/stm32f1xx_it.c" -mcpu=cortex-m3 -std=gnu11 -g3 -DDEBUG -DUSE_HAL_DRIVER -DSTM32F103x6 -c -I../Core/Inc -I../Drivers/STM32F1xx_HAL_Driver/Inc -I../Drivers/STM32F1xx_HAL_Driver/Inc/Legacy -I../Drivers/CMSIS/Device/ST/STM32F1xx/Include -I../Drivers/CMSIS/Include -O0 -ffunction-sections -fdata-sections -Wall -fstack-usage -MMD -MP -MF"Core/Src/stm32f1xx_it.d" -MT"Core/Src/stm32f1xx_it.o" --specs=nano.specs -mfloat-abi=soft -mthumb -o "Core/Src/stm32f1xx_it.o"
arm-none-eabi-gcc "../Core/Src/system_stm32f1xx.c" -mcpu=cortex-m3 -std=gnu11 -g3 -DDEBUG -DUSE_HAL_DRIVER -DSTM32F103x6 -c -I../Core/Inc -I../Drivers/STM32F1xx_HAL_Driver/Inc -I../Drivers/STM32F1xx_HAL_Driver/Inc/Legacy -I../Drivers/CMSIS/Device/ST/STM32F1xx/Include -I../Drivers/CMSIS/Include -O0 -ffunction-sections -fdata-sections -Wall -fstack-usage -MMD -MP -MF"Core/Src/system_stm32f1xx.d" -MT"Core/Src/system_stm32f1xx.o" --specs=nano.specs -mfloat-abi=soft -mthumb -o "Core/Src/system_stm32f1xx.o"
arm-none-eabi-gcc -o "Button1.elf" @"objects.list"   -mcpu=cortex-m3 -T"D:\Tai lieu BK\File TN\Vi xu ly\FIle_GK\Button1\STM32F103C6UX_FLASH.ld" --specs=nosys.specs -Wl,-Map="Button1.map" -Wl,--gc-sections -static --specs=nano.specs -mfloat-abi=soft -mthumb -Wl,--start-group -lc -lm -Wl,--end-group
Finished building target: Button1.elf
 
arm-none-eabi-size   Button1.elf 
arm-none-eabi-objdump -h -S  Button1.elf  > "Button1.list"
arm-none-eabi-objcopy  -O ihex  Button1.elf  "Button1.hex"
arm-none-eabi-objcopy  -O binary  Button1.elf  "Button1.bin"
   text	   data	    bss	    dec	    hex	filename
   8852	     24	   1768	  10644	   2994	Button1.elf
Finished building: default.size.stdout
 
Finished building: Button1.bin
Finished building: Button1.hex
 
 
Finished building: Button1.list
 
14:03:52 **** Incremental Build of configuration Debug for project Button1 ****
make -j16 all 
arm-none-eabi-size   Button1.elf 
   text	   data	    bss	    dec	    hex	filename
   8852	     24	   1768	  10644	   2994	Button1.elf
Finished building: default.size.stdout
 
14:11:39 **** Incremental Build of configuration Debug for project Button1 ****
make -j16 all 
arm-none-eabi-gcc "../Core/Src/State_Machine.c" -mcpu=cortex-m3 -std=gnu11 -g3 -DDEBUG -DUSE_HAL_DRIVER -DSTM32F103x6 -c -I../Core/Inc -I../Drivers/STM32F1xx_HAL_Driver/Inc -I../Drivers/STM32F1xx_HAL_Driver/Inc/Legacy -I../Drivers/CMSIS/Device/ST/STM32F1xx/Include -I../Drivers/CMSIS/Include -O0 -ffunction-sections -fdata-sections -Wall -fstack-usage -MMD -MP -MF"Core/Src/State_Machine.d" -MT"Core/Src/State_Machine.o" --specs=nano.specs -mfloat-abi=soft -mthumb -o "Core/Src/State_Machine.o"
arm-none-eabi-gcc "../Core/Src/main.c" -mcpu=cortex-m3 -std=gnu11 -g3 -DDEBUG -DUSE_HAL_DRIVER -DSTM32F103x6 -c -I../Core/Inc -I../Drivers/STM32F1xx_HAL_Driver/Inc -I../Drivers/STM32F1xx_HAL_Driver/Inc/Legacy -I../Drivers/CMSIS/Device/ST/STM32F1xx/Include -I../Drivers/CMSIS/Include -O0 -ffunction-sections -fdata-sections -Wall -fstack-usage -MMD -MP -MF"Core/Src/main.d" -MT"Core/Src/main.o" --specs=nano.specs -mfloat-abi=soft -mthumb -o "Core/Src/main.o"
arm-none-eabi-gcc -o "Button1.elf" @"objects.list"   -mcpu=cortex-m3 -T"D:\Tai lieu BK\File TN\Vi xu ly\FIle_GK\Button1\STM32F103C6UX_FLASH.ld" --specs=nosys.specs -Wl,-Map="Button1.map" -Wl,--gc-sections -static --specs=nano.specs -mfloat-abi=soft -mthumb -Wl,--start-group -lc -lm -Wl,--end-group
Finished building target: Button1.elf
 
arm-none-eabi-size   Button1.elf 
arm-none-eabi-objdump -h -S  Button1.elf  > "Button1.list"
arm-none-eabi-objcopy  -O ihex  Button1.elf  "Button1.hex"
arm-none-eabi-objcopy  -O binary  Button1.elf  "Button1.bin"
   text	   data	    bss	    dec	    hex	filename
   8708	     24	   1768	  10500	   2904	Button1.elf
Finished building: default.size.stdout
 
Finished building: Button1.hex
Finished building: Button1.bin
 
 
Finished building: Button1.list
 
14:11:47 **** Incremental Build of configuration Debug for project Button1 ****
make -j16 all 
arm-none-eabi-size   Button1.elf 
   text	   data	    bss	    dec	    hex	filename
   8708	     24	   1768	  10500	   2904	Button1.elf
Finished building: default.size.stdout
 
14:16:09 **** Incremental Build of configuration Debug for project Button1 ****
make -j16 all 
arm-none-eabi-gcc "../Core/Src/State_Machine.c" -mcpu=cortex-m3 -std=gnu11 -g3 -DDEBUG -DUSE_HAL_DRIVER -DSTM32F103x6 -c -I../Core/Inc -I../Drivers/STM32F1xx_HAL_Driver/Inc -I../Drivers/STM32F1xx_HAL_Driver/Inc/Legacy -I../Drivers/CMSIS/Device/ST/STM32F1xx/Include -I../Drivers/CMSIS/Include -O0 -ffunction-sections -fdata-sections -Wall -fstack-usage -MMD -MP -MF"Core/Src/State_Machine.d" -MT"Core/Src/State_Machine.o" --specs=nano.specs -mfloat-abi=soft -mthumb -o "Core/Src/State_Machine.o"
arm-none-eabi-gcc -o "Button1.elf" @"objects.list"   -mcpu=cortex-m3 -T"D:\Tai lieu BK\File TN\Vi xu ly\FIle_GK\Button1\STM32F103C6UX_FLASH.ld" --specs=nosys.specs -Wl,-Map="Button1.map" -Wl,--gc-sections -static --specs=nano.specs -mfloat-abi=soft -mthumb -Wl,--start-group -lc -lm -Wl,--end-group
Finished building target: Button1.elf
 
arm-none-eabi-size   Button1.elf 
arm-none-eabi-objdump -h -S  Button1.elf  > "Button1.list"
arm-none-eabi-objcopy  -O ihex  Button1.elf  "Button1.hex"
arm-none-eabi-objcopy  -O binary  Button1.elf  "Button1.bin"
   text	   data	    bss	    dec	    hex	filename
   8716	     24	   1768	  10508	   290c	Button1.elf
Finished building: default.size.stdout
 
Finished building: Button1.hex
Finished building: Button1.bin
 
 
Finished building: Button1.list
 
14:16:31 **** Incremental Build of configuration Debug for project Button1 ****
make -j16 all 
arm-none-eabi-size   Button1.elf 
   text	   data	    bss	    dec	    hex	filename
   8716	     24	   1768	  10508	   290c	Button1.elf
Finished building: default.size.stdout
 
14:20:18 **** Incremental Build of configuration Debug for project Button1 ****
make -j16 all 
arm-none-eabi-gcc "../Core/Src/State_Machine.c" -mcpu=cortex-m3 -std=gnu11 -g3 -DDEBUG -DUSE_HAL_DRIVER -DSTM32F103x6 -c -I../Core/Inc -I../Drivers/STM32F1xx_HAL_Driver/Inc -I../Drivers/STM32F1xx_HAL_Driver/Inc/Legacy -I../Drivers/CMSIS/Device/ST/STM32F1xx/Include -I../Drivers/CMSIS/Include -O0 -ffunction-sections -fdata-sections -Wall -fstack-usage -MMD -MP -MF"Core/Src/State_Machine.d" -MT"Core/Src/State_Machine.o" --specs=nano.specs -mfloat-abi=soft -mthumb -o "Core/Src/State_Machine.o"
arm-none-eabi-gcc -o "Button1.elf" @"objects.list"   -mcpu=cortex-m3 -T"D:\Tai lieu BK\File TN\Vi xu ly\FIle_GK\Button1\STM32F103C6UX_FLASH.ld" --specs=nosys.specs -Wl,-Map="Button1.map" -Wl,--gc-sections -static --specs=nano.specs -mfloat-abi=soft -mthumb -Wl,--start-group -lc -lm -Wl,--end-group
Finished building target: Button1.elf
 
arm-none-eabi-size   Button1.elf 
arm-none-eabi-objdump -h -S  Button1.elf  > "Button1.list"
arm-none-eabi-objcopy  -O ihex  Button1.elf  "Button1.hex"
   text	   data	    bss	    dec	    hex	filename
   8712	     24	   1768	  10504	   2908	Button1.elf
arm-none-eabi-objcopy  -O binary  Button1.elf  "Button1.bin"
Finished building: default.size.stdout
 
Finished building: Button1.hex
Finished building: Button1.bin
 
 
Finished building: Button1.list
 
14:23:51 **** Incremental Build of configuration Debug for project Button1 ****
make -j16 all 
arm-none-eabi-gcc "../Core/Src/State_Machine.c" -mcpu=cortex-m3 -std=gnu11 -g3 -DDEBUG -DUSE_HAL_DRIVER -DSTM32F103x6 -c -I../Core/Inc -I../Drivers/STM32F1xx_HAL_Driver/Inc -I../Drivers/STM32F1xx_HAL_Driver/Inc/Legacy -I../Drivers/CMSIS/Device/ST/STM32F1xx/Include -I../Drivers/CMSIS/Include -O0 -ffunction-sections -fdata-sections -Wall -fstack-usage -MMD -MP -MF"Core/Src/State_Machine.d" -MT"Core/Src/State_Machine.o" --specs=nano.specs -mfloat-abi=soft -mthumb -o "Core/Src/State_Machine.o"
arm-none-eabi-gcc -o "Button1.elf" @"objects.list"   -mcpu=cortex-m3 -T"D:\Tai lieu BK\File TN\Vi xu ly\FIle_GK\Button1\STM32F103C6UX_FLASH.ld" --specs=nosys.specs -Wl,-Map="Button1.map" -Wl,--gc-sections -static --specs=nano.specs -mfloat-abi=soft -mthumb -Wl,--start-group -lc -lm -Wl,--end-group
Finished building target: Button1.elf
 
arm-none-eabi-size   Button1.elf 
arm-none-eabi-objdump -h -S  Button1.elf  > "Button1.list"
arm-none-eabi-objcopy  -O ihex  Button1.elf  "Button1.hex"
   text	   data	    bss	    dec	    hex	filename
   8704	     24	   1768	  10496	   2900	Button1.elf
arm-none-eabi-objcopy  -O binary  Button1.elf  "Button1.bin"
Finished building: default.size.stdout
 
Finished building: Button1.hex
Finished building: Button1.bin
 
 
Finished building: Button1.list
 
14:24:44 **** Incremental Build of configuration Debug for project Button1 ****
make -j16 all 
arm-none-eabi-gcc "../Core/Src/State_Machine.c" -mcpu=cortex-m3 -std=gnu11 -g3 -DDEBUG -DUSE_HAL_DRIVER -DSTM32F103x6 -c -I../Core/Inc -I../Drivers/STM32F1xx_HAL_Driver/Inc -I../Drivers/STM32F1xx_HAL_Driver/Inc/Legacy -I../Drivers/CMSIS/Device/ST/STM32F1xx/Include -I../Drivers/CMSIS/Include -O0 -ffunction-sections -fdata-sections -Wall -fstack-usage -MMD -MP -MF"Core/Src/State_Machine.d" -MT"Core/Src/State_Machine.o" --specs=nano.specs -mfloat-abi=soft -mthumb -o "Core/Src/State_Machine.o"
arm-none-eabi-gcc -o "Button1.elf" @"objects.list"   -mcpu=cortex-m3 -T"D:\Tai lieu BK\File TN\Vi xu ly\FIle_GK\Button1\STM32F103C6UX_FLASH.ld" --specs=nosys.specs -Wl,-Map="Button1.map" -Wl,--gc-sections -static --specs=nano.specs -mfloat-abi=soft -mthumb -Wl,--start-group -lc -lm -Wl,--end-group
Finished building target: Button1.elf
 
arm-none-eabi-size   Button1.elf 
arm-none-eabi-objdump -h -S  Button1.elf  > "Button1.list"
arm-none-eabi-objcopy  -O ihex  Button1.elf  "Button1.hex"
   text	   data	    bss	    dec	    hex	filename
   8708	     24	   1768	  10500	   2904	Button1.elf
arm-none-eabi-objcopy  -O binary  Button1.elf  "Button1.bin"
Finished building: default.size.stdout
 
Finished building: Button1.hex
Finished building: Button1.bin
 
 
Finished building: Button1.list
 
14:25:58 **** Incremental Build of configuration Debug for project Button1 ****
make -j16 all 
arm-none-eabi-gcc "../Core/Src/State_Machine.c" -mcpu=cortex-m3 -std=gnu11 -g3 -DDEBUG -DUSE_HAL_DRIVER -DSTM32F103x6 -c -I../Core/Inc -I../Drivers/STM32F1xx_HAL_Driver/Inc -I../Drivers/STM32F1xx_HAL_Driver/Inc/Legacy -I../Drivers/CMSIS/Device/ST/STM32F1xx/Include -I../Drivers/CMSIS/Include -O0 -ffunction-sections -fdata-sections -Wall -fstack-usage -MMD -MP -MF"Core/Src/State_Machine.d" -MT"Core/Src/State_Machine.o" --specs=nano.specs -mfloat-abi=soft -mthumb -o "Core/Src/State_Machine.o"
arm-none-eabi-gcc -o "Button1.elf" @"objects.list"   -mcpu=cortex-m3 -T"D:\Tai lieu BK\File TN\Vi xu ly\FIle_GK\Button1\STM32F103C6UX_FLASH.ld" --specs=nosys.specs -Wl,-Map="Button1.map" -Wl,--gc-sections -static --specs=nano.specs -mfloat-abi=soft -mthumb -Wl,--start-group -lc -lm -Wl,--end-group
Finished building target: Button1.elf
 
arm-none-eabi-size   Button1.elf 
arm-none-eabi-objdump -h -S  Button1.elf  > "Button1.list"
arm-none-eabi-objcopy  -O ihex  Button1.elf  "Button1.hex"
   text	   data	    bss	    dec	    hex	filename
   8712	     24	   1768	  10504	   2908	Button1.elf
arm-none-eabi-objcopy  -O binary  Button1.elf  "Button1.bin"
Finished building: default.size.stdout
 
Finished building: Button1.hex
Finished building: Button1.bin
 
 
Finished building: Button1.list
 
14:26:23 **** Incremental Build of configuration Debug for project Button1 ****
make -j16 all 
arm-none-eabi-gcc "../Core/Src/State_Machine.c" -mcpu=cortex-m3 -std=gnu11 -g3 -DDEBUG -DUSE_HAL_DRIVER -DSTM32F103x6 -c -I../Core/Inc -I../Drivers/STM32F1xx_HAL_Driver/Inc -I../Drivers/STM32F1xx_HAL_Driver/Inc/Legacy -I../Drivers/CMSIS/Device/ST/STM32F1xx/Include -I../Drivers/CMSIS/Include -O0 -ffunction-sections -fdata-sections -Wall -fstack-usage -MMD -MP -MF"Core/Src/State_Machine.d" -MT"Core/Src/State_Machine.o" --specs=nano.specs -mfloat-abi=soft -mthumb -o "Core/Src/State_Machine.o"
arm-none-eabi-gcc -o "Button1.elf" @"objects.list"   -mcpu=cortex-m3 -T"D:\Tai lieu BK\File TN\Vi xu ly\FIle_GK\Button1\STM32F103C6UX_FLASH.ld" --specs=nosys.specs -Wl,-Map="Button1.map" -Wl,--gc-sections -static --specs=nano.specs -mfloat-abi=soft -mthumb -Wl,--start-group -lc -lm -Wl,--end-group
Finished building target: Button1.elf
 
arm-none-eabi-size   Button1.elf 
arm-none-eabi-objdump -h -S  Button1.elf  > "Button1.list"
arm-none-eabi-objcopy  -O ihex  Button1.elf  "Button1.hex"
arm-none-eabi-objcopy  -O binary  Button1.elf  "Button1.bin"
   text	   data	    bss	    dec	    hex	filename
   8708	     24	   1768	  10500	   2904	Button1.elf
Finished building: default.size.stdout
 
Finished building: Button1.hex
Finished building: Button1.bin
 
 
Finished building: Button1.list
 
14:26:52 **** Incremental Build of configuration Debug for project Button1 ****
make -j16 all 
arm-none-eabi-gcc "../Core/Src/State_Machine.c" -mcpu=cortex-m3 -std=gnu11 -g3 -DDEBUG -DUSE_HAL_DRIVER -DSTM32F103x6 -c -I../Core/Inc -I../Drivers/STM32F1xx_HAL_Driver/Inc -I../Drivers/STM32F1xx_HAL_Driver/Inc/Legacy -I../Drivers/CMSIS/Device/ST/STM32F1xx/Include -I../Drivers/CMSIS/Include -O0 -ffunction-sections -fdata-sections -Wall -fstack-usage -MMD -MP -MF"Core/Src/State_Machine.d" -MT"Core/Src/State_Machine.o" --specs=nano.specs -mfloat-abi=soft -mthumb -o "Core/Src/State_Machine.o"
arm-none-eabi-gcc -o "Button1.elf" @"objects.list"   -mcpu=cortex-m3 -T"D:\Tai lieu BK\File TN\Vi xu ly\FIle_GK\Button1\STM32F103C6UX_FLASH.ld" --specs=nosys.specs -Wl,-Map="Button1.map" -Wl,--gc-sections -static --specs=nano.specs -mfloat-abi=soft -mthumb -Wl,--start-group -lc -lm -Wl,--end-group
Finished building target: Button1.elf
 
arm-none-eabi-size   Button1.elf 
arm-none-eabi-objdump -h -S  Button1.elf  > "Button1.list"
arm-none-eabi-objcopy  -O ihex  Button1.elf  "Button1.hex"
arm-none-eabi-objcopy  -O binary  Button1.elf  "Button1.bin"
   text	   data	    bss	    dec	    hex	filename
   8720	     24	   1768	  10512	   2910	Button1.elf
Finished building: default.size.stdout
 
Finished building: Button1.hex
Finished building: Button1.bin
 
 
Finished building: Button1.list
 
14:28:10 **** Incremental Build of configuration Debug for project Button1 ****
make -j16 all 
arm-none-eabi-gcc "../Core/Src/State_Machine.c" -mcpu=cortex-m3 -std=gnu11 -g3 -DDEBUG -DUSE_HAL_DRIVER -DSTM32F103x6 -c -I../Core/Inc -I../Drivers/STM32F1xx_HAL_Driver/Inc -I../Drivers/STM32F1xx_HAL_Driver/Inc/Legacy -I../Drivers/CMSIS/Device/ST/STM32F1xx/Include -I../Drivers/CMSIS/Include -O0 -ffunction-sections -fdata-sections -Wall -fstack-usage -MMD -MP -MF"Core/Src/State_Machine.d" -MT"Core/Src/State_Machine.o" --specs=nano.specs -mfloat-abi=soft -mthumb -o "Core/Src/State_Machine.o"
arm-none-eabi-gcc -o "Button1.elf" @"objects.list"   -mcpu=cortex-m3 -T"D:\Tai lieu BK\File TN\Vi xu ly\FIle_GK\Button1\STM32F103C6UX_FLASH.ld" --specs=nosys.specs -Wl,-Map="Button1.map" -Wl,--gc-sections -static --specs=nano.specs -mfloat-abi=soft -mthumb -Wl,--start-group -lc -lm -Wl,--end-group
Finished building target: Button1.elf
 
arm-none-eabi-size   Button1.elf 
arm-none-eabi-objdump -h -S  Button1.elf  > "Button1.list"
arm-none-eabi-objcopy  -O ihex  Button1.elf  "Button1.hex"
   text	   data	    bss	    dec	    hex	filename
   8720	     24	   1768	  10512	   2910	Button1.elf
arm-none-eabi-objcopy  -O binary  Button1.elf  "Button1.bin"
Finished building: default.size.stdout
 
Finished building: Button1.hex
Finished building: Button1.bin
 
 
Finished building: Button1.list
 
14:31:19 **** Incremental Build of configuration Debug for project Button1 ****
make -j16 all 
arm-none-eabi-gcc "../Core/Src/State_Machine.c" -mcpu=cortex-m3 -std=gnu11 -g3 -DDEBUG -DUSE_HAL_DRIVER -DSTM32F103x6 -c -I../Core/Inc -I../Drivers/STM32F1xx_HAL_Driver/Inc -I../Drivers/STM32F1xx_HAL_Driver/Inc/Legacy -I../Drivers/CMSIS/Device/ST/STM32F1xx/Include -I../Drivers/CMSIS/Include -O0 -ffunction-sections -fdata-sections -Wall -fstack-usage -MMD -MP -MF"Core/Src/State_Machine.d" -MT"Core/Src/State_Machine.o" --specs=nano.specs -mfloat-abi=soft -mthumb -o "Core/Src/State_Machine.o"
arm-none-eabi-gcc -o "Button1.elf" @"objects.list"   -mcpu=cortex-m3 -T"D:\Tai lieu BK\File TN\Vi xu ly\FIle_GK\Button1\STM32F103C6UX_FLASH.ld" --specs=nosys.specs -Wl,-Map="Button1.map" -Wl,--gc-sections -static --specs=nano.specs -mfloat-abi=soft -mthumb -Wl,--start-group -lc -lm -Wl,--end-group
Finished building target: Button1.elf
 
arm-none-eabi-size   Button1.elf 
arm-none-eabi-objdump -h -S  Button1.elf  > "Button1.list"
arm-none-eabi-objcopy  -O ihex  Button1.elf  "Button1.hex"
   text	   data	    bss	    dec	    hex	filename
   8720	     24	   1768	  10512	   2910	Button1.elf
arm-none-eabi-objcopy  -O binary  Button1.elf  "Button1.bin"
Finished building: default.size.stdout
 
Finished building: Button1.hex
Finished building: Button1.bin
 
 
Finished building: Button1.list
 
14:35:34 **** Incremental Build of configuration Debug for project Button1 ****
make -j16 all 
arm-none-eabi-gcc "../Core/Src/Display.c" -mcpu=cortex-m3 -std=gnu11 -g3 -DDEBUG -DUSE_HAL_DRIVER -DSTM32F103x6 -c -I../Core/Inc -I../Drivers/STM32F1xx_HAL_Driver/Inc -I../Drivers/STM32F1xx_HAL_Driver/Inc/Legacy -I../Drivers/CMSIS/Device/ST/STM32F1xx/Include -I../Drivers/CMSIS/Include -O0 -ffunction-sections -fdata-sections -Wall -fstack-usage -MMD -MP -MF"Core/Src/Display.d" -MT"Core/Src/Display.o" --specs=nano.specs -mfloat-abi=soft -mthumb -o "Core/Src/Display.o"
arm-none-eabi-gcc "../Core/Src/State_Machine.c" -mcpu=cortex-m3 -std=gnu11 -g3 -DDEBUG -DUSE_HAL_DRIVER -DSTM32F103x6 -c -I../Core/Inc -I../Drivers/STM32F1xx_HAL_Driver/Inc -I../Drivers/STM32F1xx_HAL_Driver/Inc/Legacy -I../Drivers/CMSIS/Device/ST/STM32F1xx/Include -I../Drivers/CMSIS/Include -O0 -ffunction-sections -fdata-sections -Wall -fstack-usage -MMD -MP -MF"Core/Src/State_Machine.d" -MT"Core/Src/State_Machine.o" --specs=nano.specs -mfloat-abi=soft -mthumb -o "Core/Src/State_Machine.o"
arm-none-eabi-gcc "../Core/Src/global.c" -mcpu=cortex-m3 -std=gnu11 -g3 -DDEBUG -DUSE_HAL_DRIVER -DSTM32F103x6 -c -I../Core/Inc -I../Drivers/STM32F1xx_HAL_Driver/Inc -I../Drivers/STM32F1xx_HAL_Driver/Inc/Legacy -I../Drivers/CMSIS/Device/ST/STM32F1xx/Include -I../Drivers/CMSIS/Include -O0 -ffunction-sections -fdata-sections -Wall -fstack-usage -MMD -MP -MF"Core/Src/global.d" -MT"Core/Src/global.o" --specs=nano.specs -mfloat-abi=soft -mthumb -o "Core/Src/global.o"
arm-none-eabi-gcc "../Core/Src/main.c" -mcpu=cortex-m3 -std=gnu11 -g3 -DDEBUG -DUSE_HAL_DRIVER -DSTM32F103x6 -c -I../Core/Inc -I../Drivers/STM32F1xx_HAL_Driver/Inc -I../Drivers/STM32F1xx_HAL_Driver/Inc/Legacy -I../Drivers/CMSIS/Device/ST/STM32F1xx/Include -I../Drivers/CMSIS/Include -O0 -ffunction-sections -fdata-sections -Wall -fstack-usage -MMD -MP -MF"Core/Src/main.d" -MT"Core/Src/main.o" --specs=nano.specs -mfloat-abi=soft -mthumb -o "Core/Src/main.o"
arm-none-eabi-gcc -o "Button1.elf" @"objects.list"   -mcpu=cortex-m3 -T"D:\Tai lieu BK\File TN\Vi xu ly\FIle_GK\Button1\STM32F103C6UX_FLASH.ld" --specs=nosys.specs -Wl,-Map="Button1.map" -Wl,--gc-sections -static --specs=nano.specs -mfloat-abi=soft -mthumb -Wl,--start-group -lc -lm -Wl,--end-group
Finished building target: Button1.elf
 
arm-none-eabi-size   Button1.elf 
arm-none-eabi-objdump -h -S  Button1.elf  > "Button1.list"
arm-none-eabi-objcopy  -O ihex  Button1.elf  "Button1.hex"
arm-none-eabi-objcopy  -O binary  Button1.elf  "Button1.bin"
   text	   data	    bss	    dec	    hex	filename
   8652	     24	   1760	  10436	   28c4	Button1.elf
Finished building: default.size.stdout
 
Finished building: Button1.hex
Finished building: Button1.bin
 
 
Finished building: Button1.list
 
14:37:23 **** Incremental Build of configuration Debug for project Button1 ****
make -j16 all 
arm-none-eabi-gcc "../Core/Src/State_Machine.c" -mcpu=cortex-m3 -std=gnu11 -g3 -DDEBUG -DUSE_HAL_DRIVER -DSTM32F103x6 -c -I../Core/Inc -I../Drivers/STM32F1xx_HAL_Driver/Inc -I../Drivers/STM32F1xx_HAL_Driver/Inc/Legacy -I../Drivers/CMSIS/Device/ST/STM32F1xx/Include -I../Drivers/CMSIS/Include -O0 -ffunction-sections -fdata-sections -Wall -fstack-usage -MMD -MP -MF"Core/Src/State_Machine.d" -MT"Core/Src/State_Machine.o" --specs=nano.specs -mfloat-abi=soft -mthumb -o "Core/Src/State_Machine.o"
arm-none-eabi-gcc -o "Button1.elf" @"objects.list"   -mcpu=cortex-m3 -T"D:\Tai lieu BK\File TN\Vi xu ly\FIle_GK\Button1\STM32F103C6UX_FLASH.ld" --specs=nosys.specs -Wl,-Map="Button1.map" -Wl,--gc-sections -static --specs=nano.specs -mfloat-abi=soft -mthumb -Wl,--start-group -lc -lm -Wl,--end-group
Finished building target: Button1.elf
 
arm-none-eabi-size   Button1.elf 
arm-none-eabi-objdump -h -S  Button1.elf  > "Button1.list"
arm-none-eabi-objcopy  -O ihex  Button1.elf  "Button1.hex"
arm-none-eabi-objcopy  -O binary  Button1.elf  "Button1.bin"
   text	   data	    bss	    dec	    hex	filename
   8636	     24	   1760	  10420	   28b4	Button1.elf
Finished building: default.size.stdout
 
Finished building: Button1.hex
Finished building: Button1.bin
 
 
Finished building: Button1.list
 
14:43:57 **** Incremental Build of configuration Debug for project Button1 ****
make -j16 all 
arm-none-eabi-gcc "../Core/Src/State_Machine.c" -mcpu=cortex-m3 -std=gnu11 -g3 -DDEBUG -DUSE_HAL_DRIVER -DSTM32F103x6 -c -I../Core/Inc -I../Drivers/STM32F1xx_HAL_Driver/Inc -I../Drivers/STM32F1xx_HAL_Driver/Inc/Legacy -I../Drivers/CMSIS/Device/ST/STM32F1xx/Include -I../Drivers/CMSIS/Include -O0 -ffunction-sections -fdata-sections -Wall -fstack-usage -MMD -MP -MF"Core/Src/State_Machine.d" -MT"Core/Src/State_Machine.o" --specs=nano.specs -mfloat-abi=soft -mthumb -o "Core/Src/State_Machine.o"
arm-none-eabi-gcc -o "Button1.elf" @"objects.list"   -mcpu=cortex-m3 -T"D:\Tai lieu BK\File TN\Vi xu ly\FIle_GK\Button1\STM32F103C6UX_FLASH.ld" --specs=nosys.specs -Wl,-Map="Button1.map" -Wl,--gc-sections -static --specs=nano.specs -mfloat-abi=soft -mthumb -Wl,--start-group -lc -lm -Wl,--end-group
Finished building target: Button1.elf
 
arm-none-eabi-size   Button1.elf 
arm-none-eabi-objdump -h -S  Button1.elf  > "Button1.list"
arm-none-eabi-objcopy  -O ihex  Button1.elf  "Button1.hex"
arm-none-eabi-objcopy  -O binary  Button1.elf  "Button1.bin"
   text	   data	    bss	    dec	    hex	filename
   8668	     24	   1760	  10452	   28d4	Button1.elf
Finished building: default.size.stdout
 
Finished building: Button1.hex
Finished building: Button1.bin
 
 
Finished building: Button1.list
 
15:23:21 **** Incremental Build of configuration Debug for project Button1 ****
make -j16 all 
arm-none-eabi-gcc "../Core/Src/State_Machine.c" -mcpu=cortex-m3 -std=gnu11 -g3 -DDEBUG -DUSE_HAL_DRIVER -DSTM32F103x6 -c -I../Core/Inc -I../Drivers/STM32F1xx_HAL_Driver/Inc -I../Drivers/STM32F1xx_HAL_Driver/Inc/Legacy -I../Drivers/CMSIS/Device/ST/STM32F1xx/Include -I../Drivers/CMSIS/Include -O0 -ffunction-sections -fdata-sections -Wall -fstack-usage -MMD -MP -MF"Core/Src/State_Machine.d" -MT"Core/Src/State_Machine.o" --specs=nano.specs -mfloat-abi=soft -mthumb -o "Core/Src/State_Machine.o"
arm-none-eabi-gcc "../Core/Src/button.c" -mcpu=cortex-m3 -std=gnu11 -g3 -DDEBUG -DUSE_HAL_DRIVER -DSTM32F103x6 -c -I../Core/Inc -I../Drivers/STM32F1xx_HAL_Driver/Inc -I../Drivers/STM32F1xx_HAL_Driver/Inc/Legacy -I../Drivers/CMSIS/Device/ST/STM32F1xx/Include -I../Drivers/CMSIS/Include -O0 -ffunction-sections -fdata-sections -Wall -fstack-usage -MMD -MP -MF"Core/Src/button.d" -MT"Core/Src/button.o" --specs=nano.specs -mfloat-abi=soft -mthumb -o "Core/Src/button.o"
arm-none-eabi-gcc "../Core/Src/main.c" -mcpu=cortex-m3 -std=gnu11 -g3 -DDEBUG -DUSE_HAL_DRIVER -DSTM32F103x6 -c -I../Core/Inc -I../Drivers/STM32F1xx_HAL_Driver/Inc -I../Drivers/STM32F1xx_HAL_Driver/Inc/Legacy -I../Drivers/CMSIS/Device/ST/STM32F1xx/Include -I../Drivers/CMSIS/Include -O0 -ffunction-sections -fdata-sections -Wall -fstack-usage -MMD -MP -MF"Core/Src/main.d" -MT"Core/Src/main.o" --specs=nano.specs -mfloat-abi=soft -mthumb -o "Core/Src/main.o"
../Core/Src/State_Machine.c: In function 'fsm_long_press_run':
../Core/Src/State_Machine.c:99:6: warning: implicit declaration of function 'isButtonLongPressed'; did you mean 'isButtonPressed'? [-Wimplicit-function-declaration]
   99 |   if(isButtonLongPressed(i)==1){
      |      ^~~~~~~~~~~~~~~~~~~
      |      isButtonPressed
../Core/Src/State_Machine.c:100:7: warning: implicit declaration of function 'isButtonKeepPressed'; did you mean 'isButtonPressed'? [-Wimplicit-function-declaration]
  100 |    if(isButtonKeepPressed(i)==1){
      |       ^~~~~~~~~~~~~~~~~~~
      |       isButtonPressed
arm-none-eabi-gcc -o "Button1.elf" @"objects.list"   -mcpu=cortex-m3 -T"D:\Tai lieu BK\File TN\Vi xu ly\FIle_GK\Button1\STM32F103C6UX_FLASH.ld" --specs=nosys.specs -Wl,-Map="Button1.map" -Wl,--gc-sections -static --specs=nano.specs -mfloat-abi=soft -mthumb -Wl,--start-group -lc -lm -Wl,--end-group
Finished building target: Button1.elf
 
arm-none-eabi-size   Button1.elf 
arm-none-eabi-objdump -h -S  Button1.elf  > "Button1.list"
arm-none-eabi-objcopy  -O ihex  Button1.elf  "Button1.hex"
arm-none-eabi-objcopy  -O binary  Button1.elf  "Button1.bin"
   text	   data	    bss	    dec	    hex	filename
   8896	     24	   1776	  10696	   29c8	Button1.elf
Finished building: default.size.stdout
 
Finished building: Button1.hex
Finished building: Button1.bin
 
 
Finished building: Button1.list
 
15:24:23 **** Incremental Build of configuration Debug for project Button1 ****
make -j16 all 
arm-none-eabi-gcc "../Core/Src/Display.c" -mcpu=cortex-m3 -std=gnu11 -g3 -DDEBUG -DUSE_HAL_DRIVER -DSTM32F103x6 -c -I../Core/Inc -I../Drivers/STM32F1xx_HAL_Driver/Inc -I../Drivers/STM32F1xx_HAL_Driver/Inc/Legacy -I../Drivers/CMSIS/Device/ST/STM32F1xx/Include -I../Drivers/CMSIS/Include -O0 -ffunction-sections -fdata-sections -Wall -fstack-usage -MMD -MP -MF"Core/Src/Display.d" -MT"Core/Src/Display.o" --specs=nano.specs -mfloat-abi=soft -mthumb -o "Core/Src/Display.o"
arm-none-eabi-gcc "../Core/Src/State_Machine.c" -mcpu=cortex-m3 -std=gnu11 -g3 -DDEBUG -DUSE_HAL_DRIVER -DSTM32F103x6 -c -I../Core/Inc -I../Drivers/STM32F1xx_HAL_Driver/Inc -I../Drivers/STM32F1xx_HAL_Driver/Inc/Legacy -I../Drivers/CMSIS/Device/ST/STM32F1xx/Include -I../Drivers/CMSIS/Include -O0 -ffunction-sections -fdata-sections -Wall -fstack-usage -MMD -MP -MF"Core/Src/State_Machine.d" -MT"Core/Src/State_Machine.o" --specs=nano.specs -mfloat-abi=soft -mthumb -o "Core/Src/State_Machine.o"
arm-none-eabi-gcc "../Core/Src/button.c" -mcpu=cortex-m3 -std=gnu11 -g3 -DDEBUG -DUSE_HAL_DRIVER -DSTM32F103x6 -c -I../Core/Inc -I../Drivers/STM32F1xx_HAL_Driver/Inc -I../Drivers/STM32F1xx_HAL_Driver/Inc/Legacy -I../Drivers/CMSIS/Device/ST/STM32F1xx/Include -I../Drivers/CMSIS/Include -O0 -ffunction-sections -fdata-sections -Wall -fstack-usage -MMD -MP -MF"Core/Src/button.d" -MT"Core/Src/button.o" --specs=nano.specs -mfloat-abi=soft -mthumb -o "Core/Src/button.o"
arm-none-eabi-gcc "../Core/Src/global.c" -mcpu=cortex-m3 -std=gnu11 -g3 -DDEBUG -DUSE_HAL_DRIVER -DSTM32F103x6 -c -I../Core/Inc -I../Drivers/STM32F1xx_HAL_Driver/Inc -I../Drivers/STM32F1xx_HAL_Driver/Inc/Legacy -I../Drivers/CMSIS/Device/ST/STM32F1xx/Include -I../Drivers/CMSIS/Include -O0 -ffunction-sections -fdata-sections -Wall -fstack-usage -MMD -MP -MF"Core/Src/global.d" -MT"Core/Src/global.o" --specs=nano.specs -mfloat-abi=soft -mthumb -o "Core/Src/global.o"
arm-none-eabi-gcc "../Core/Src/main.c" -mcpu=cortex-m3 -std=gnu11 -g3 -DDEBUG -DUSE_HAL_DRIVER -DSTM32F103x6 -c -I../Core/Inc -I../Drivers/STM32F1xx_HAL_Driver/Inc -I../Drivers/STM32F1xx_HAL_Driver/Inc/Legacy -I../Drivers/CMSIS/Device/ST/STM32F1xx/Include -I../Drivers/CMSIS/Include -O0 -ffunction-sections -fdata-sections -Wall -fstack-usage -MMD -MP -MF"Core/Src/main.d" -MT"Core/Src/main.o" --specs=nano.specs -mfloat-abi=soft -mthumb -o "Core/Src/main.o"
arm-none-eabi-gcc -o "Button1.elf" @"objects.list"   -mcpu=cortex-m3 -T"D:\Tai lieu BK\File TN\Vi xu ly\FIle_GK\Button1\STM32F103C6UX_FLASH.ld" --specs=nosys.specs -Wl,-Map="Button1.map" -Wl,--gc-sections -static --specs=nano.specs -mfloat-abi=soft -mthumb -Wl,--start-group -lc -lm -Wl,--end-group
Finished building target: Button1.elf
 
arm-none-eabi-size   Button1.elf 
arm-none-eabi-objdump -h -S  Button1.elf  > "Button1.list"
arm-none-eabi-objcopy  -O ihex  Button1.elf  "Button1.hex"
   text	   data	    bss	    dec	    hex	filename
   8896	     24	   1776	  10696	   29c8	Button1.elf
arm-none-eabi-objcopy  -O binary  Button1.elf  "Button1.bin"
Finished building: default.size.stdout
 
Finished building: Button1.hex
Finished building: Button1.bin
 
 
Finished building: Button1.list
 
15:36:33 **** Incremental Build of configuration Debug for project Button1 ****
make -j16 all 
arm-none-eabi-gcc "../Core/Src/State_Machine.c" -mcpu=cortex-m3 -std=gnu11 -g3 -DDEBUG -DUSE_HAL_DRIVER -DSTM32F103x6 -c -I../Core/Inc -I../Drivers/STM32F1xx_HAL_Driver/Inc -I../Drivers/STM32F1xx_HAL_Driver/Inc/Legacy -I../Drivers/CMSIS/Device/ST/STM32F1xx/Include -I../Drivers/CMSIS/Include -O0 -ffunction-sections -fdata-sections -Wall -fstack-usage -MMD -MP -MF"Core/Src/State_Machine.d" -MT"Core/Src/State_Machine.o" --specs=nano.specs -mfloat-abi=soft -mthumb -o "Core/Src/State_Machine.o"
arm-none-eabi-gcc "../Core/Src/button.c" -mcpu=cortex-m3 -std=gnu11 -g3 -DDEBUG -DUSE_HAL_DRIVER -DSTM32F103x6 -c -I../Core/Inc -I../Drivers/STM32F1xx_HAL_Driver/Inc -I../Drivers/STM32F1xx_HAL_Driver/Inc/Legacy -I../Drivers/CMSIS/Device/ST/STM32F1xx/Include -I../Drivers/CMSIS/Include -O0 -ffunction-sections -fdata-sections -Wall -fstack-usage -MMD -MP -MF"Core/Src/button.d" -MT"Core/Src/button.o" --specs=nano.specs -mfloat-abi=soft -mthumb -o "Core/Src/button.o"
arm-none-eabi-gcc "../Core/Src/main.c" -mcpu=cortex-m3 -std=gnu11 -g3 -DDEBUG -DUSE_HAL_DRIVER -DSTM32F103x6 -c -I../Core/Inc -I../Drivers/STM32F1xx_HAL_Driver/Inc -I../Drivers/STM32F1xx_HAL_Driver/Inc/Legacy -I../Drivers/CMSIS/Device/ST/STM32F1xx/Include -I../Drivers/CMSIS/Include -O0 -ffunction-sections -fdata-sections -Wall -fstack-usage -MMD -MP -MF"Core/Src/main.d" -MT"Core/Src/main.o" --specs=nano.specs -mfloat-abi=soft -mthumb -o "Core/Src/main.o"
arm-none-eabi-gcc -o "Button1.elf" @"objects.list"   -mcpu=cortex-m3 -T"D:\Tai lieu BK\File TN\Vi xu ly\FIle_GK\Button1\STM32F103C6UX_FLASH.ld" --specs=nosys.specs -Wl,-Map="Button1.map" -Wl,--gc-sections -static --specs=nano.specs -mfloat-abi=soft -mthumb -Wl,--start-group -lc -lm -Wl,--end-group
Finished building target: Button1.elf
 
arm-none-eabi-size   Button1.elf 
arm-none-eabi-objdump -h -S  Button1.elf  > "Button1.list"
arm-none-eabi-objcopy  -O ihex  Button1.elf  "Button1.hex"
   text	   data	    bss	    dec	    hex	filename
   8876	     24	   1776	  10676	   29b4	Button1.elf
arm-none-eabi-objcopy  -O binary  Button1.elf  "Button1.bin"
Finished building: default.size.stdout
 
Finished building: Button1.hex
Finished building: Button1.bin
 
 
Finished building: Button1.list
 
15:51:51 **** Incremental Build of configuration Debug for project Button1 ****
make -j16 all 
arm-none-eabi-gcc "../Core/Src/button.c" -mcpu=cortex-m3 -std=gnu11 -g3 -DDEBUG -DUSE_HAL_DRIVER -DSTM32F103x6 -c -I../Core/Inc -I../Drivers/STM32F1xx_HAL_Driver/Inc -I../Drivers/STM32F1xx_HAL_Driver/Inc/Legacy -I../Drivers/CMSIS/Device/ST/STM32F1xx/Include -I../Drivers/CMSIS/Include -O0 -ffunction-sections -fdata-sections -Wall -fstack-usage -MMD -MP -MF"Core/Src/button.d" -MT"Core/Src/button.o" --specs=nano.specs -mfloat-abi=soft -mthumb -o "Core/Src/button.o"
../Core/Src/button.c:155:19: error: 'i' undeclared here (not in a function)
  155 |       button_flag[i] = 2;
      |                   ^
../Core/Src/button.c:155:7: warning: data definition has no type or storage class
  155 |       button_flag[i] = 2;
      |       ^~~~~~~~~~~
../Core/Src/button.c:155:7: warning: type defaults to 'int' in declaration of 'button_flag' [-Wimplicit-int]
../Core/Src/button.c:156:7: warning: data definition has no type or storage class
  156 |       TimerForKeyPress[i] = 300;
      |       ^~~~~~~~~~~~~~~~
../Core/Src/button.c:156:7: warning: type defaults to 'int' in declaration of 'TimerForKeyPress' [-Wimplicit-int]
../Core/Src/button.c:157:7: warning: data definition has no type or storage class
  157 |       flag = 1;
      |       ^~~~
../Core/Src/button.c:157:7: warning: type defaults to 'int' in declaration of 'flag' [-Wimplicit-int]
../Core/Src/button.c:158:17: error: expected declaration specifiers or '...' before numeric constant
  158 |       setTimer3(10000);
      |                 ^~~~~
../Core/Src/button.c:159:6: error: expected identifier or '(' before '}' token
  159 |      }
      |      ^
../Core/Src/button.c:160:5: error: expected identifier or '(' before '}' token
  160 |     }
      |     ^
../Core/Src/button.c:161:4: error: expected identifier or '(' before '}' token
  161 |    }
      |    ^
../Core/Src/button.c:162:3: error: expected identifier or '(' before '}' token
  162 |   }
      |   ^
../Core/Src/button.c:163:2: error: expected identifier or '(' before '}' token
  163 |  }
      |  ^
../Core/Src/button.c:164:1: error: expected identifier or '(' before '}' token
  164 | }
      | ^
make: *** [Core/Src/subdir.mk:49: Core/Src/button.o] Error 1
"make -j16 all" terminated with exit code 2. Build might be incomplete.
15:52:10 **** Incremental Build of configuration Debug for project Button1 ****
make -j16 all 
arm-none-eabi-gcc "../Core/Src/button.c" -mcpu=cortex-m3 -std=gnu11 -g3 -DDEBUG -DUSE_HAL_DRIVER -DSTM32F103x6 -c -I../Core/Inc -I../Drivers/STM32F1xx_HAL_Driver/Inc -I../Drivers/STM32F1xx_HAL_Driver/Inc/Legacy -I../Drivers/CMSIS/Device/ST/STM32F1xx/Include -I../Drivers/CMSIS/Include -O0 -ffunction-sections -fdata-sections -Wall -fstack-usage -MMD -MP -MF"Core/Src/button.d" -MT"Core/Src/button.o" --specs=nano.specs -mfloat-abi=soft -mthumb -o "Core/Src/button.o"
arm-none-eabi-gcc -o "Button1.elf" @"objects.list"   -mcpu=cortex-m3 -T"D:\Tai lieu BK\File TN\Vi xu ly\FIle_GK\Button1\STM32F103C6UX_FLASH.ld" --specs=nosys.specs -Wl,-Map="Button1.map" -Wl,--gc-sections -static --specs=nano.specs -mfloat-abi=soft -mthumb -Wl,--start-group -lc -lm -Wl,--end-group
Finished building target: Button1.elf
 
arm-none-eabi-size   Button1.elf 
arm-none-eabi-objdump -h -S  Button1.elf  > "Button1.list"
arm-none-eabi-objcopy  -O ihex  Button1.elf  "Button1.hex"
arm-none-eabi-objcopy  -O binary  Button1.elf  "Button1.bin"
   text	   data	    bss	    dec	    hex	filename
   8884	     24	   1776	  10684	   29bc	Button1.elf
Finished building: default.size.stdout
 
Finished building: Button1.hex
Finished building: Button1.bin
 
 
Finished building: Button1.list
 
15:57:18 **** Incremental Build of configuration Debug for project Button1 ****
make -j16 all 
arm-none-eabi-gcc "../Core/Src/button.c" -mcpu=cortex-m3 -std=gnu11 -g3 -DDEBUG -DUSE_HAL_DRIVER -DSTM32F103x6 -c -I../Core/Inc -I../Drivers/STM32F1xx_HAL_Driver/Inc -I../Drivers/STM32F1xx_HAL_Driver/Inc/Legacy -I../Drivers/CMSIS/Device/ST/STM32F1xx/Include -I../Drivers/CMSIS/Include -O0 -ffunction-sections -fdata-sections -Wall -fstack-usage -MMD -MP -MF"Core/Src/button.d" -MT"Core/Src/button.o" --specs=nano.specs -mfloat-abi=soft -mthumb -o "Core/Src/button.o"
arm-none-eabi-gcc -o "Button1.elf" @"objects.list"   -mcpu=cortex-m3 -T"D:\Tai lieu BK\File TN\Vi xu ly\FIle_GK\Button1\STM32F103C6UX_FLASH.ld" --specs=nosys.specs -Wl,-Map="Button1.map" -Wl,--gc-sections -static --specs=nano.specs -mfloat-abi=soft -mthumb -Wl,--start-group -lc -lm -Wl,--end-group
Finished building target: Button1.elf
 
arm-none-eabi-size   Button1.elf 
arm-none-eabi-objdump -h -S  Button1.elf  > "Button1.list"
arm-none-eabi-objcopy  -O ihex  Button1.elf  "Button1.hex"
   text	   data	    bss	    dec	    hex	filename
   8888	     24	   1776	  10688	   29c0	Button1.elf
arm-none-eabi-objcopy  -O binary  Button1.elf  "Button1.bin"
Finished building: default.size.stdout
 
Finished building: Button1.hex
Finished building: Button1.bin
 
 
Finished building: Button1.list
 
16:03:55 **** Incremental Build of configuration Debug for project Button1 ****
make -j16 all 
arm-none-eabi-gcc "../Core/Src/button.c" -mcpu=cortex-m3 -std=gnu11 -g3 -DDEBUG -DUSE_HAL_DRIVER -DSTM32F103x6 -c -I../Core/Inc -I../Drivers/STM32F1xx_HAL_Driver/Inc -I../Drivers/STM32F1xx_HAL_Driver/Inc/Legacy -I../Drivers/CMSIS/Device/ST/STM32F1xx/Include -I../Drivers/CMSIS/Include -O0 -ffunction-sections -fdata-sections -Wall -fstack-usage -MMD -MP -MF"Core/Src/button.d" -MT"Core/Src/button.o" --specs=nano.specs -mfloat-abi=soft -mthumb -o "Core/Src/button.o"
../Core/Src/button.c: In function 'initKey':
../Core/Src/button.c:31:3: error: 'long_press_flag' undeclared (first use in this function)
   31 |   long_press_flag[i]=0;
      |   ^~~~~~~~~~~~~~~
../Core/Src/button.c:31:3: note: each undeclared identifier is reported only once for each function it appears in
../Core/Src/button.c: In function 'getKeyInput':
../Core/Src/button.c:94:7: error: 'long_press_flag' undeclared (first use in this function)
   94 |       long_press_flag[i]=0;
      |       ^~~~~~~~~~~~~~~
../Core/Src/button.c:109:9: error: 'TimerForKeyPress' undeclared (first use in this function); did you mean 'TimeForKeyPress'?
  109 |     if (TimerForKeyPress[i] == 0){
      |         ^~~~~~~~~~~~~~~~
      |         TimeForKeyPress
../Core/Src/button.c:113:7: error: 'flag' undeclared (first use in this function)
  113 |       flag = 1;
      |       ^~~~
../Core/Src/button.c:114:7: warning: implicit declaration of function 'setTimer3' [-Wimplicit-function-declaration]
  114 |       setTimer3(10000);
      |       ^~~~~~~~~
make: *** [Core/Src/subdir.mk:49: Core/Src/button.o] Error 1
"make -j16 all" terminated with exit code 2. Build might be incomplete.
16:04:13 **** Incremental Build of configuration Debug for project Button1 ****
make -j16 all 
arm-none-eabi-gcc "../Core/Src/button.c" -mcpu=cortex-m3 -std=gnu11 -g3 -DDEBUG -DUSE_HAL_DRIVER -DSTM32F103x6 -c -I../Core/Inc -I../Drivers/STM32F1xx_HAL_Driver/Inc -I../Drivers/STM32F1xx_HAL_Driver/Inc/Legacy -I../Drivers/CMSIS/Device/ST/STM32F1xx/Include -I../Drivers/CMSIS/Include -O0 -ffunction-sections -fdata-sections -Wall -fstack-usage -MMD -MP -MF"Core/Src/button.d" -MT"Core/Src/button.o" --specs=nano.specs -mfloat-abi=soft -mthumb -o "Core/Src/button.o"
../Core/Src/button.c: In function 'initKey':
../Core/Src/button.c:31:3: error: 'long_press_flag' undeclared (first use in this function)
   31 |   long_press_flag[i]=0;
      |   ^~~~~~~~~~~~~~~
../Core/Src/button.c:31:3: note: each undeclared identifier is reported only once for each function it appears in
../Core/Src/button.c: In function 'getKeyInput':
../Core/Src/button.c:94:7: error: 'long_press_flag' undeclared (first use in this function)
   94 |       long_press_flag[i]=0;
      |       ^~~~~~~~~~~~~~~
../Core/Src/button.c:109:9: error: 'TimerForKeyPress' undeclared (first use in this function); did you mean 'TimeForKeyPress'?
  109 |     if (TimerForKeyPress[i] == 0){
      |         ^~~~~~~~~~~~~~~~
      |         TimeForKeyPress
make: *** [Core/Src/subdir.mk:49: Core/Src/button.o] Error 1
"make -j16 all" terminated with exit code 2. Build might be incomplete.
16:04:32 **** Incremental Build of configuration Debug for project Button1 ****
make -j16 all 
arm-none-eabi-gcc "../Core/Src/button.c" -mcpu=cortex-m3 -std=gnu11 -g3 -DDEBUG -DUSE_HAL_DRIVER -DSTM32F103x6 -c -I../Core/Inc -I../Drivers/STM32F1xx_HAL_Driver/Inc -I../Drivers/STM32F1xx_HAL_Driver/Inc/Legacy -I../Drivers/CMSIS/Device/ST/STM32F1xx/Include -I../Drivers/CMSIS/Include -O0 -ffunction-sections -fdata-sections -Wall -fstack-usage -MMD -MP -MF"Core/Src/button.d" -MT"Core/Src/button.o" --specs=nano.specs -mfloat-abi=soft -mthumb -o "Core/Src/button.o"
../Core/Src/button.c: In function 'getKeyInput':
../Core/Src/button.c:106:9: error: 'TimerForKeyPress' undeclared (first use in this function); did you mean 'TimeForKeyPress'?
  106 |     if (TimerForKeyPress[i] == 0){
      |         ^~~~~~~~~~~~~~~~
      |         TimeForKeyPress
../Core/Src/button.c:106:9: note: each undeclared identifier is reported only once for each function it appears in
make: *** [Core/Src/subdir.mk:49: Core/Src/button.o] Error 1
"make -j16 all" terminated with exit code 2. Build might be incomplete.
16:05:10 **** Incremental Build of configuration Debug for project Button1 ****
make -j16 all 
arm-none-eabi-gcc "../Core/Src/button.c" -mcpu=cortex-m3 -std=gnu11 -g3 -DDEBUG -DUSE_HAL_DRIVER -DSTM32F103x6 -c -I../Core/Inc -I../Drivers/STM32F1xx_HAL_Driver/Inc -I../Drivers/STM32F1xx_HAL_Driver/Inc/Legacy -I../Drivers/CMSIS/Device/ST/STM32F1xx/Include -I../Drivers/CMSIS/Include -O0 -ffunction-sections -fdata-sections -Wall -fstack-usage -MMD -MP -MF"Core/Src/button.d" -MT"Core/Src/button.o" --specs=nano.specs -mfloat-abi=soft -mthumb -o "Core/Src/button.o"
../Core/Src/button.c: In function 'getKeyInput':
../Core/Src/button.c:109:7: error: 'TimerForKeyPress' undeclared (first use in this function); did you mean 'TimeForKeyPress'?
  109 |       TimerForKeyPress[i] = 300;
      |       ^~~~~~~~~~~~~~~~
      |       TimeForKeyPress
../Core/Src/button.c:109:7: note: each undeclared identifier is reported only once for each function it appears in
make: *** [Core/Src/subdir.mk:49: Core/Src/button.o] Error 1
"make -j16 all" terminated with exit code 2. Build might be incomplete.
16:05:28 **** Incremental Build of configuration Debug for project Button1 ****
make -j16 all 
arm-none-eabi-gcc "../Core/Src/button.c" -mcpu=cortex-m3 -std=gnu11 -g3 -DDEBUG -DUSE_HAL_DRIVER -DSTM32F103x6 -c -I../Core/Inc -I../Drivers/STM32F1xx_HAL_Driver/Inc -I../Drivers/STM32F1xx_HAL_Driver/Inc/Legacy -I../Drivers/CMSIS/Device/ST/STM32F1xx/Include -I../Drivers/CMSIS/Include -O0 -ffunction-sections -fdata-sections -Wall -fstack-usage -MMD -MP -MF"Core/Src/button.d" -MT"Core/Src/button.o" --specs=nano.specs -mfloat-abi=soft -mthumb -o "Core/Src/button.o"
arm-none-eabi-gcc -o "Button1.elf" @"objects.list"   -mcpu=cortex-m3 -T"D:\Tai lieu BK\File TN\Vi xu ly\FIle_GK\Button1\STM32F103C6UX_FLASH.ld" --specs=nosys.specs -Wl,-Map="Button1.map" -Wl,--gc-sections -static --specs=nano.specs -mfloat-abi=soft -mthumb -Wl,--start-group -lc -lm -Wl,--end-group
Finished building target: Button1.elf
 
arm-none-eabi-size   Button1.elf 
arm-none-eabi-objdump -h -S  Button1.elf  > "Button1.list"
arm-none-eabi-objcopy  -O ihex  Button1.elf  "Button1.hex"
   text	   data	    bss	    dec	    hex	filename
   8900	     24	   1768	  10692	   29c4	Button1.elf
arm-none-eabi-objcopy  -O binary  Button1.elf  "Button1.bin"
Finished building: default.size.stdout
 
Finished building: Button1.hex
Finished building: Button1.bin
 
 
Finished building: Button1.list
 
16:07:34 **** Incremental Build of configuration Debug for project Button1 ****
make -j16 all 
arm-none-eabi-gcc "../Core/Src/Display.c" -mcpu=cortex-m3 -std=gnu11 -g3 -DDEBUG -DUSE_HAL_DRIVER -DSTM32F103x6 -c -I../Core/Inc -I../Drivers/STM32F1xx_HAL_Driver/Inc -I../Drivers/STM32F1xx_HAL_Driver/Inc/Legacy -I../Drivers/CMSIS/Device/ST/STM32F1xx/Include -I../Drivers/CMSIS/Include -O0 -ffunction-sections -fdata-sections -Wall -fstack-usage -MMD -MP -MF"Core/Src/Display.d" -MT"Core/Src/Display.o" --specs=nano.specs -mfloat-abi=soft -mthumb -o "Core/Src/Display.o"
arm-none-eabi-gcc "../Core/Src/State_Machine.c" -mcpu=cortex-m3 -std=gnu11 -g3 -DDEBUG -DUSE_HAL_DRIVER -DSTM32F103x6 -c -I../Core/Inc -I../Drivers/STM32F1xx_HAL_Driver/Inc -I../Drivers/STM32F1xx_HAL_Driver/Inc/Legacy -I../Drivers/CMSIS/Device/ST/STM32F1xx/Include -I../Drivers/CMSIS/Include -O0 -ffunction-sections -fdata-sections -Wall -fstack-usage -MMD -MP -MF"Core/Src/State_Machine.d" -MT"Core/Src/State_Machine.o" --specs=nano.specs -mfloat-abi=soft -mthumb -o "Core/Src/State_Machine.o"
arm-none-eabi-gcc "../Core/Src/button.c" -mcpu=cortex-m3 -std=gnu11 -g3 -DDEBUG -DUSE_HAL_DRIVER -DSTM32F103x6 -c -I../Core/Inc -I../Drivers/STM32F1xx_HAL_Driver/Inc -I../Drivers/STM32F1xx_HAL_Driver/Inc/Legacy -I../Drivers/CMSIS/Device/ST/STM32F1xx/Include -I../Drivers/CMSIS/Include -O0 -ffunction-sections -fdata-sections -Wall -fstack-usage -MMD -MP -MF"Core/Src/button.d" -MT"Core/Src/button.o" --specs=nano.specs -mfloat-abi=soft -mthumb -o "Core/Src/button.o"
arm-none-eabi-gcc "../Core/Src/global.c" -mcpu=cortex-m3 -std=gnu11 -g3 -DDEBUG -DUSE_HAL_DRIVER -DSTM32F103x6 -c -I../Core/Inc -I../Drivers/STM32F1xx_HAL_Driver/Inc -I../Drivers/STM32F1xx_HAL_Driver/Inc/Legacy -I../Drivers/CMSIS/Device/ST/STM32F1xx/Include -I../Drivers/CMSIS/Include -O0 -ffunction-sections -fdata-sections -Wall -fstack-usage -MMD -MP -MF"Core/Src/global.d" -MT"Core/Src/global.o" --specs=nano.specs -mfloat-abi=soft -mthumb -o "Core/Src/global.o"
arm-none-eabi-gcc "../Core/Src/main.c" -mcpu=cortex-m3 -std=gnu11 -g3 -DDEBUG -DUSE_HAL_DRIVER -DSTM32F103x6 -c -I../Core/Inc -I../Drivers/STM32F1xx_HAL_Driver/Inc -I../Drivers/STM32F1xx_HAL_Driver/Inc/Legacy -I../Drivers/CMSIS/Device/ST/STM32F1xx/Include -I../Drivers/CMSIS/Include -O0 -ffunction-sections -fdata-sections -Wall -fstack-usage -MMD -MP -MF"Core/Src/main.d" -MT"Core/Src/main.o" --specs=nano.specs -mfloat-abi=soft -mthumb -o "Core/Src/main.o"
../Core/Src/State_Machine.c: In function 'fsm_long_press_run':
../Core/Src/State_Machine.c:100:6: warning: implicit declaration of function 'isButtonKeepPressed'; did you mean 'isButtonLongPressed'? [-Wimplicit-function-declaration]
  100 |   if(isButtonKeepPressed(1)==1){
      |      ^~~~~~~~~~~~~~~~~~~
      |      isButtonLongPressed
arm-none-eabi-gcc -o "Button1.elf" @"objects.list"   -mcpu=cortex-m3 -T"D:\Tai lieu BK\File TN\Vi xu ly\FIle_GK\Button1\STM32F103C6UX_FLASH.ld" --specs=nosys.specs -Wl,-Map="Button1.map" -Wl,--gc-sections -static --specs=nano.specs -mfloat-abi=soft -mthumb -Wl,--start-group -lc -lm -Wl,--end-group
d:\tool\stm32cubeide_1.7.0\stm32\stm32cubeide_1.7.0\stm32cubeide\plugins\com.st.stm32cube.ide.mcu.externaltools.gnu-tools-for-stm32.9-2020-q2-update.win32_2.0.0.202105311346\tools\arm-none-eabi\bin\ld.exe: ./Core/Src/State_Machine.o: in function `fsm_long_press_run':
D:/Tai lieu BK/File TN/Vi xu ly/FIle_GK/Button1/Debug/../Core/Src/State_Machine.c:100: undefined reference to `isButtonKeepPressed'
collect2.exe: error: ld returned 1 exit status
make: *** [makefile:68: Button1.elf] Error 1
"make -j16 all" terminated with exit code 2. Build might be incomplete.
16:08:03 **** Incremental Build of configuration Debug for project Button1 ****
make -j16 all 
arm-none-eabi-gcc "../Core/Src/State_Machine.c" -mcpu=cortex-m3 -std=gnu11 -g3 -DDEBUG -DUSE_HAL_DRIVER -DSTM32F103x6 -c -I../Core/Inc -I../Drivers/STM32F1xx_HAL_Driver/Inc -I../Drivers/STM32F1xx_HAL_Driver/Inc/Legacy -I../Drivers/CMSIS/Device/ST/STM32F1xx/Include -I../Drivers/CMSIS/Include -O0 -ffunction-sections -fdata-sections -Wall -fstack-usage -MMD -MP -MF"Core/Src/State_Machine.d" -MT"Core/Src/State_Machine.o" --specs=nano.specs -mfloat-abi=soft -mthumb -o "Core/Src/State_Machine.o"
arm-none-eabi-gcc -o "Button1.elf" @"objects.list"   -mcpu=cortex-m3 -T"D:\Tai lieu BK\File TN\Vi xu ly\FIle_GK\Button1\STM32F103C6UX_FLASH.ld" --specs=nosys.specs -Wl,-Map="Button1.map" -Wl,--gc-sections -static --specs=nano.specs -mfloat-abi=soft -mthumb -Wl,--start-group -lc -lm -Wl,--end-group
Finished building target: Button1.elf
 
arm-none-eabi-size   Button1.elf 
arm-none-eabi-objdump -h -S  Button1.elf  > "Button1.list"
arm-none-eabi-objcopy  -O ihex  Button1.elf  "Button1.hex"
arm-none-eabi-objcopy  -O binary  Button1.elf  "Button1.bin"
   text	   data	    bss	    dec	    hex	filename
   8812	     24	   1760	  10596	   2964	Button1.elf
Finished building: default.size.stdout
 
Finished building: Button1.hex
Finished building: Button1.bin
 
 
Finished building: Button1.list
 
16:20:25 **** Incremental Build of configuration Debug for project Button1 ****
make -j16 all 
arm-none-eabi-gcc "../Core/Src/button.c" -mcpu=cortex-m3 -std=gnu11 -g3 -DDEBUG -DUSE_HAL_DRIVER -DSTM32F103x6 -c -I../Core/Inc -I../Drivers/STM32F1xx_HAL_Driver/Inc -I../Drivers/STM32F1xx_HAL_Driver/Inc/Legacy -I../Drivers/CMSIS/Device/ST/STM32F1xx/Include -I../Drivers/CMSIS/Include -O0 -ffunction-sections -fdata-sections -Wall -fstack-usage -MMD -MP -MF"Core/Src/button.d" -MT"Core/Src/button.o" --specs=nano.specs -mfloat-abi=soft -mthumb -o "Core/Src/button.o"
arm-none-eabi-gcc -o "Button1.elf" @"objects.list"   -mcpu=cortex-m3 -T"D:\Tai lieu BK\File TN\Vi xu ly\FIle_GK\Button1\STM32F103C6UX_FLASH.ld" --specs=nosys.specs -Wl,-Map="Button1.map" -Wl,--gc-sections -static --specs=nano.specs -mfloat-abi=soft -mthumb -Wl,--start-group -lc -lm -Wl,--end-group
Finished building target: Button1.elf
 
arm-none-eabi-size   Button1.elf 
arm-none-eabi-objdump -h -S  Button1.elf  > "Button1.list"
arm-none-eabi-objcopy  -O ihex  Button1.elf  "Button1.hex"
arm-none-eabi-objcopy  -O binary  Button1.elf  "Button1.bin"
   text	   data	    bss	    dec	    hex	filename
   8808	     24	   1760	  10592	   2960	Button1.elf
Finished building: default.size.stdout
 
Finished building: Button1.bin
Finished building: Button1.hex
 
 
Finished building: Button1.list
 
16:34:35 **** Incremental Build of configuration Debug for project Button1 ****
make -j16 all 
arm-none-eabi-gcc "../Core/Src/button.c" -mcpu=cortex-m3 -std=gnu11 -g3 -DDEBUG -DUSE_HAL_DRIVER -DSTM32F103x6 -c -I../Core/Inc -I../Drivers/STM32F1xx_HAL_Driver/Inc -I../Drivers/STM32F1xx_HAL_Driver/Inc/Legacy -I../Drivers/CMSIS/Device/ST/STM32F1xx/Include -I../Drivers/CMSIS/Include -O0 -ffunction-sections -fdata-sections -Wall -fstack-usage -MMD -MP -MF"Core/Src/button.d" -MT"Core/Src/button.o" --specs=nano.specs -mfloat-abi=soft -mthumb -o "Core/Src/button.o"
arm-none-eabi-gcc -o "Button1.elf" @"objects.list"   -mcpu=cortex-m3 -T"D:\Tai lieu BK\File TN\Vi xu ly\FIle_GK\Button1\STM32F103C6UX_FLASH.ld" --specs=nosys.specs -Wl,-Map="Button1.map" -Wl,--gc-sections -static --specs=nano.specs -mfloat-abi=soft -mthumb -Wl,--start-group -lc -lm -Wl,--end-group
Finished building target: Button1.elf
 
arm-none-eabi-size   Button1.elf 
arm-none-eabi-objdump -h -S  Button1.elf  > "Button1.list"
arm-none-eabi-objcopy  -O ihex  Button1.elf  "Button1.hex"
   text	   data	    bss	    dec	    hex	filename
   8824	     24	   1760	  10608	   2970	Button1.elf
arm-none-eabi-objcopy  -O binary  Button1.elf  "Button1.bin"
Finished building: default.size.stdout
 
Finished building: Button1.hex
Finished building: Button1.bin
 
 
Finished building: Button1.list
 
16:39:17 **** Incremental Build of configuration Debug for project Button1 ****
make -j16 all 
arm-none-eabi-gcc "../Core/Src/State_Machine.c" -mcpu=cortex-m3 -std=gnu11 -g3 -DDEBUG -DUSE_HAL_DRIVER -DSTM32F103x6 -c -I../Core/Inc -I../Drivers/STM32F1xx_HAL_Driver/Inc -I../Drivers/STM32F1xx_HAL_Driver/Inc/Legacy -I../Drivers/CMSIS/Device/ST/STM32F1xx/Include -I../Drivers/CMSIS/Include -O0 -ffunction-sections -fdata-sections -Wall -fstack-usage -MMD -MP -MF"Core/Src/State_Machine.d" -MT"Core/Src/State_Machine.o" --specs=nano.specs -mfloat-abi=soft -mthumb -o "Core/Src/State_Machine.o"
arm-none-eabi-gcc "../Core/Src/button.c" -mcpu=cortex-m3 -std=gnu11 -g3 -DDEBUG -DUSE_HAL_DRIVER -DSTM32F103x6 -c -I../Core/Inc -I../Drivers/STM32F1xx_HAL_Driver/Inc -I../Drivers/STM32F1xx_HAL_Driver/Inc/Legacy -I../Drivers/CMSIS/Device/ST/STM32F1xx/Include -I../Drivers/CMSIS/Include -O0 -ffunction-sections -fdata-sections -Wall -fstack-usage -MMD -MP -MF"Core/Src/button.d" -MT"Core/Src/button.o" --specs=nano.specs -mfloat-abi=soft -mthumb -o "Core/Src/button.o"
arm-none-eabi-gcc -o "Button1.elf" @"objects.list"   -mcpu=cortex-m3 -T"D:\Tai lieu BK\File TN\Vi xu ly\FIle_GK\Button1\STM32F103C6UX_FLASH.ld" --specs=nosys.specs -Wl,-Map="Button1.map" -Wl,--gc-sections -static --specs=nano.specs -mfloat-abi=soft -mthumb -Wl,--start-group -lc -lm -Wl,--end-group
Finished building target: Button1.elf
 
arm-none-eabi-size   Button1.elf 
arm-none-eabi-objdump -h -S  Button1.elf  > "Button1.list"
arm-none-eabi-objcopy  -O ihex  Button1.elf  "Button1.hex"
arm-none-eabi-objcopy  -O binary  Button1.elf  "Button1.bin"
   text	   data	    bss	    dec	    hex	filename
   8796	     24	   1760	  10580	   2954	Button1.elf
Finished building: default.size.stdout
 
Finished building: Button1.hex
Finished building: Button1.bin
 
 
Finished building: Button1.list
 
16:40:35 **** Incremental Build of configuration Debug for project Button1 ****
make -j16 all 
arm-none-eabi-gcc "../Core/Src/button.c" -mcpu=cortex-m3 -std=gnu11 -g3 -DDEBUG -DUSE_HAL_DRIVER -DSTM32F103x6 -c -I../Core/Inc -I../Drivers/STM32F1xx_HAL_Driver/Inc -I../Drivers/STM32F1xx_HAL_Driver/Inc/Legacy -I../Drivers/CMSIS/Device/ST/STM32F1xx/Include -I../Drivers/CMSIS/Include -O0 -ffunction-sections -fdata-sections -Wall -fstack-usage -MMD -MP -MF"Core/Src/button.d" -MT"Core/Src/button.o" --specs=nano.specs -mfloat-abi=soft -mthumb -o "Core/Src/button.o"
arm-none-eabi-gcc -o "Button1.elf" @"objects.list"   -mcpu=cortex-m3 -T"D:\Tai lieu BK\File TN\Vi xu ly\FIle_GK\Button1\STM32F103C6UX_FLASH.ld" --specs=nosys.specs -Wl,-Map="Button1.map" -Wl,--gc-sections -static --specs=nano.specs -mfloat-abi=soft -mthumb -Wl,--start-group -lc -lm -Wl,--end-group
Finished building target: Button1.elf
 
arm-none-eabi-size   Button1.elf 
arm-none-eabi-objdump -h -S  Button1.elf  > "Button1.list"
arm-none-eabi-objcopy  -O ihex  Button1.elf  "Button1.hex"
arm-none-eabi-objcopy  -O binary  Button1.elf  "Button1.bin"
   text	   data	    bss	    dec	    hex	filename
   8832	     24	   1760	  10616	   2978	Button1.elf
Finished building: default.size.stdout
 
Finished building: Button1.hex
Finished building: Button1.bin
 
 
Finished building: Button1.list
 
17:17:40 **** Incremental Build of configuration Debug for project Button1 ****
make -j16 all 
arm-none-eabi-gcc "../Core/Src/button.c" -mcpu=cortex-m3 -std=gnu11 -g3 -DDEBUG -DUSE_HAL_DRIVER -DSTM32F103x6 -c -I../Core/Inc -I../Drivers/STM32F1xx_HAL_Driver/Inc -I../Drivers/STM32F1xx_HAL_Driver/Inc/Legacy -I../Drivers/CMSIS/Device/ST/STM32F1xx/Include -I../Drivers/CMSIS/Include -O0 -ffunction-sections -fdata-sections -Wall -fstack-usage -MMD -MP -MF"Core/Src/button.d" -MT"Core/Src/button.o" --specs=nano.specs -mfloat-abi=soft -mthumb -o "Core/Src/button.o"
arm-none-eabi-gcc -o "Button1.elf" @"objects.list"   -mcpu=cortex-m3 -T"D:\Tai lieu BK\File TN\Vi xu ly\FIle_GK\Button1\STM32F103C6UX_FLASH.ld" --specs=nosys.specs -Wl,-Map="Button1.map" -Wl,--gc-sections -static --specs=nano.specs -mfloat-abi=soft -mthumb -Wl,--start-group -lc -lm -Wl,--end-group
Finished building target: Button1.elf
 
arm-none-eabi-size   Button1.elf 
arm-none-eabi-objdump -h -S  Button1.elf  > "Button1.list"
arm-none-eabi-objcopy  -O ihex  Button1.elf  "Button1.hex"
arm-none-eabi-objcopy  -O binary  Button1.elf  "Button1.bin"
   text	   data	    bss	    dec	    hex	filename
   8820	     24	   1760	  10604	   296c	Button1.elf
Finished building: default.size.stdout
 
Finished building: Button1.hex
Finished building: Button1.bin
 
 
Finished building: Button1.list
 
17:33:18 **** Incremental Build of configuration Debug for project Button1 ****
make -j16 all 
arm-none-eabi-gcc "../Core/Src/button.c" -mcpu=cortex-m3 -std=gnu11 -g3 -DDEBUG -DUSE_HAL_DRIVER -DSTM32F103x6 -c -I../Core/Inc -I../Drivers/STM32F1xx_HAL_Driver/Inc -I../Drivers/STM32F1xx_HAL_Driver/Inc/Legacy -I../Drivers/CMSIS/Device/ST/STM32F1xx/Include -I../Drivers/CMSIS/Include -O0 -ffunction-sections -fdata-sections -Wall -fstack-usage -MMD -MP -MF"Core/Src/button.d" -MT"Core/Src/button.o" --specs=nano.specs -mfloat-abi=soft -mthumb -o "Core/Src/button.o"
arm-none-eabi-gcc -o "Button1.elf" @"objects.list"   -mcpu=cortex-m3 -T"D:\Tai lieu BK\File TN\Vi xu ly\FIle_GK\Button1\STM32F103C6UX_FLASH.ld" --specs=nosys.specs -Wl,-Map="Button1.map" -Wl,--gc-sections -static --specs=nano.specs -mfloat-abi=soft -mthumb -Wl,--start-group -lc -lm -Wl,--end-group
Finished building target: Button1.elf
 
arm-none-eabi-size   Button1.elf 
arm-none-eabi-objdump -h -S  Button1.elf  > "Button1.list"
arm-none-eabi-objcopy  -O ihex  Button1.elf  "Button1.hex"
arm-none-eabi-objcopy  -O binary  Button1.elf  "Button1.bin"
   text	   data	    bss	    dec	    hex	filename
   8824	     24	   1760	  10608	   2970	Button1.elf
Finished building: default.size.stdout
 
Finished building: Button1.hex
Finished building: Button1.bin
 
Finished building: Button1.list
 
 
17:34:10 **** Incremental Build of configuration Debug for project Button1 ****
make -j16 all 
arm-none-eabi-gcc "../Core/Src/button.c" -mcpu=cortex-m3 -std=gnu11 -g3 -DDEBUG -DUSE_HAL_DRIVER -DSTM32F103x6 -c -I../Core/Inc -I../Drivers/STM32F1xx_HAL_Driver/Inc -I../Drivers/STM32F1xx_HAL_Driver/Inc/Legacy -I../Drivers/CMSIS/Device/ST/STM32F1xx/Include -I../Drivers/CMSIS/Include -O0 -ffunction-sections -fdata-sections -Wall -fstack-usage -MMD -MP -MF"Core/Src/button.d" -MT"Core/Src/button.o" --specs=nano.specs -mfloat-abi=soft -mthumb -o "Core/Src/button.o"
arm-none-eabi-gcc -o "Button1.elf" @"objects.list"   -mcpu=cortex-m3 -T"D:\Tai lieu BK\File TN\Vi xu ly\FIle_GK\Button1\STM32F103C6UX_FLASH.ld" --specs=nosys.specs -Wl,-Map="Button1.map" -Wl,--gc-sections -static --specs=nano.specs -mfloat-abi=soft -mthumb -Wl,--start-group -lc -lm -Wl,--end-group
Finished building target: Button1.elf
 
arm-none-eabi-size   Button1.elf 
arm-none-eabi-objdump -h -S  Button1.elf  > "Button1.list"
arm-none-eabi-objcopy  -O ihex  Button1.elf  "Button1.hex"
   text	   data	    bss	    dec	    hex	filename
   8760	     24	   1760	  10544	   2930	Button1.elf
arm-none-eabi-objcopy  -O binary  Button1.elf  "Button1.bin"
Finished building: default.size.stdout
 
Finished building: Button1.hex
Finished building: Button1.bin
 
Finished building: Button1.list
 
 
17:36:07 **** Incremental Build of configuration Debug for project Button1 ****
make -j16 all 
arm-none-eabi-gcc "../Core/Src/button.c" -mcpu=cortex-m3 -std=gnu11 -g3 -DDEBUG -DUSE_HAL_DRIVER -DSTM32F103x6 -c -I../Core/Inc -I../Drivers/STM32F1xx_HAL_Driver/Inc -I../Drivers/STM32F1xx_HAL_Driver/Inc/Legacy -I../Drivers/CMSIS/Device/ST/STM32F1xx/Include -I../Drivers/CMSIS/Include -O0 -ffunction-sections -fdata-sections -Wall -fstack-usage -MMD -MP -MF"Core/Src/button.d" -MT"Core/Src/button.o" --specs=nano.specs -mfloat-abi=soft -mthumb -o "Core/Src/button.o"
arm-none-eabi-gcc -o "Button1.elf" @"objects.list"   -mcpu=cortex-m3 -T"D:\Tai lieu BK\File TN\Vi xu ly\FIle_GK\Button1\STM32F103C6UX_FLASH.ld" --specs=nosys.specs -Wl,-Map="Button1.map" -Wl,--gc-sections -static --specs=nano.specs -mfloat-abi=soft -mthumb -Wl,--start-group -lc -lm -Wl,--end-group
Finished building target: Button1.elf
 
arm-none-eabi-size   Button1.elf 
arm-none-eabi-objdump -h -S  Button1.elf  > "Button1.list"
arm-none-eabi-objcopy  -O ihex  Button1.elf  "Button1.hex"
   text	   data	    bss	    dec	    hex	filename
   8820	     24	   1760	  10604	   296c	Button1.elf
arm-none-eabi-objcopy  -O binary  Button1.elf  "Button1.bin"
Finished building: default.size.stdout
 
Finished building: Button1.hex
Finished building: Button1.bin
 
 
Finished building: Button1.list
 
17:40:51 **** Incremental Build of configuration Debug for project Button1 ****
make -j16 all 
arm-none-eabi-gcc "../Core/Src/button.c" -mcpu=cortex-m3 -std=gnu11 -g3 -DDEBUG -DUSE_HAL_DRIVER -DSTM32F103x6 -c -I../Core/Inc -I../Drivers/STM32F1xx_HAL_Driver/Inc -I../Drivers/STM32F1xx_HAL_Driver/Inc/Legacy -I../Drivers/CMSIS/Device/ST/STM32F1xx/Include -I../Drivers/CMSIS/Include -O0 -ffunction-sections -fdata-sections -Wall -fstack-usage -MMD -MP -MF"Core/Src/button.d" -MT"Core/Src/button.o" --specs=nano.specs -mfloat-abi=soft -mthumb -o "Core/Src/button.o"
arm-none-eabi-gcc -o "Button1.elf" @"objects.list"   -mcpu=cortex-m3 -T"D:\Tai lieu BK\File TN\Vi xu ly\FIle_GK\Button1\STM32F103C6UX_FLASH.ld" --specs=nosys.specs -Wl,-Map="Button1.map" -Wl,--gc-sections -static --specs=nano.specs -mfloat-abi=soft -mthumb -Wl,--start-group -lc -lm -Wl,--end-group
Finished building target: Button1.elf
 
arm-none-eabi-size   Button1.elf 
arm-none-eabi-objdump -h -S  Button1.elf  > "Button1.list"
arm-none-eabi-objcopy  -O ihex  Button1.elf  "Button1.hex"
arm-none-eabi-objcopy  -O binary  Button1.elf  "Button1.bin"
   text	   data	    bss	    dec	    hex	filename
   8832	     24	   1760	  10616	   2978	Button1.elf
Finished building: default.size.stdout
 
Finished building: Button1.hex
Finished building: Button1.bin
 
Finished building: Button1.list
 
 
17:41:50 **** Incremental Build of configuration Debug for project Button1 ****
make -j16 all 
arm-none-eabi-gcc "../Core/Src/button.c" -mcpu=cortex-m3 -std=gnu11 -g3 -DDEBUG -DUSE_HAL_DRIVER -DSTM32F103x6 -c -I../Core/Inc -I../Drivers/STM32F1xx_HAL_Driver/Inc -I../Drivers/STM32F1xx_HAL_Driver/Inc/Legacy -I../Drivers/CMSIS/Device/ST/STM32F1xx/Include -I../Drivers/CMSIS/Include -O0 -ffunction-sections -fdata-sections -Wall -fstack-usage -MMD -MP -MF"Core/Src/button.d" -MT"Core/Src/button.o" --specs=nano.specs -mfloat-abi=soft -mthumb -o "Core/Src/button.o"
arm-none-eabi-gcc -o "Button1.elf" @"objects.list"   -mcpu=cortex-m3 -T"D:\Tai lieu BK\File TN\Vi xu ly\FIle_GK\Button1\STM32F103C6UX_FLASH.ld" --specs=nosys.specs -Wl,-Map="Button1.map" -Wl,--gc-sections -static --specs=nano.specs -mfloat-abi=soft -mthumb -Wl,--start-group -lc -lm -Wl,--end-group
Finished building target: Button1.elf
 
arm-none-eabi-size   Button1.elf 
arm-none-eabi-objdump -h -S  Button1.elf  > "Button1.list"
arm-none-eabi-objcopy  -O ihex  Button1.elf  "Button1.hex"
   text	   data	    bss	    dec	    hex	filename
   8832	     24	   1760	  10616	   2978	Button1.elf
arm-none-eabi-objcopy  -O binary  Button1.elf  "Button1.bin"
Finished building: default.size.stdout
 
Finished building: Button1.hex
Finished building: Button1.bin
 
Finished building: Button1.list
 
 
17:44:33 **** Incremental Build of configuration Debug for project Button1 ****
make -j16 all 
arm-none-eabi-gcc "../Core/Src/button.c" -mcpu=cortex-m3 -std=gnu11 -g3 -DDEBUG -DUSE_HAL_DRIVER -DSTM32F103x6 -c -I../Core/Inc -I../Drivers/STM32F1xx_HAL_Driver/Inc -I../Drivers/STM32F1xx_HAL_Driver/Inc/Legacy -I../Drivers/CMSIS/Device/ST/STM32F1xx/Include -I../Drivers/CMSIS/Include -O0 -ffunction-sections -fdata-sections -Wall -fstack-usage -MMD -MP -MF"Core/Src/button.d" -MT"Core/Src/button.o" --specs=nano.specs -mfloat-abi=soft -mthumb -o "Core/Src/button.o"
arm-none-eabi-gcc -o "Button1.elf" @"objects.list"   -mcpu=cortex-m3 -T"D:\Tai lieu BK\File TN\Vi xu ly\FIle_GK\Button1\STM32F103C6UX_FLASH.ld" --specs=nosys.specs -Wl,-Map="Button1.map" -Wl,--gc-sections -static --specs=nano.specs -mfloat-abi=soft -mthumb -Wl,--start-group -lc -lm -Wl,--end-group
Finished building target: Button1.elf
 
arm-none-eabi-size   Button1.elf 
arm-none-eabi-objdump -h -S  Button1.elf  > "Button1.list"
arm-none-eabi-objcopy  -O ihex  Button1.elf  "Button1.hex"
arm-none-eabi-objcopy  -O binary  Button1.elf  "Button1.bin"
   text	   data	    bss	    dec	    hex	filename
   8820	     24	   1760	  10604	   296c	Button1.elf
Finished building: default.size.stdout
 
Finished building: Button1.hex
Finished building: Button1.bin
 
 
Finished building: Button1.list
 
17:48:23 **** Incremental Build of configuration Debug for project Button1 ****
make -j16 all 
arm-none-eabi-gcc "../Core/Src/button.c" -mcpu=cortex-m3 -std=gnu11 -g3 -DDEBUG -DUSE_HAL_DRIVER -DSTM32F103x6 -c -I../Core/Inc -I../Drivers/STM32F1xx_HAL_Driver/Inc -I../Drivers/STM32F1xx_HAL_Driver/Inc/Legacy -I../Drivers/CMSIS/Device/ST/STM32F1xx/Include -I../Drivers/CMSIS/Include -O0 -ffunction-sections -fdata-sections -Wall -fstack-usage -MMD -MP -MF"Core/Src/button.d" -MT"Core/Src/button.o" --specs=nano.specs -mfloat-abi=soft -mthumb -o "Core/Src/button.o"
arm-none-eabi-gcc -o "Button1.elf" @"objects.list"   -mcpu=cortex-m3 -T"D:\Tai lieu BK\File TN\Vi xu ly\FIle_GK\Button1\STM32F103C6UX_FLASH.ld" --specs=nosys.specs -Wl,-Map="Button1.map" -Wl,--gc-sections -static --specs=nano.specs -mfloat-abi=soft -mthumb -Wl,--start-group -lc -lm -Wl,--end-group
Finished building target: Button1.elf
 
arm-none-eabi-size   Button1.elf 
arm-none-eabi-objdump -h -S  Button1.elf  > "Button1.list"
arm-none-eabi-objcopy  -O ihex  Button1.elf  "Button1.hex"
arm-none-eabi-objcopy  -O binary  Button1.elf  "Button1.bin"
   text	   data	    bss	    dec	    hex	filename
   8808	     24	   1760	  10592	   2960	Button1.elf
Finished building: default.size.stdout
 
Finished building: Button1.hex
Finished building: Button1.bin
 
Finished building: Button1.list
 
 
17:54:13 **** Incremental Build of configuration Debug for project Button1 ****
make -j16 all 
arm-none-eabi-gcc "../Core/Src/State_Machine.c" -mcpu=cortex-m3 -std=gnu11 -g3 -DDEBUG -DUSE_HAL_DRIVER -DSTM32F103x6 -c -I../Core/Inc -I../Drivers/STM32F1xx_HAL_Driver/Inc -I../Drivers/STM32F1xx_HAL_Driver/Inc/Legacy -I../Drivers/CMSIS/Device/ST/STM32F1xx/Include -I../Drivers/CMSIS/Include -O0 -ffunction-sections -fdata-sections -Wall -fstack-usage -MMD -MP -MF"Core/Src/State_Machine.d" -MT"Core/Src/State_Machine.o" --specs=nano.specs -mfloat-abi=soft -mthumb -o "Core/Src/State_Machine.o"
arm-none-eabi-gcc "../Core/Src/button.c" -mcpu=cortex-m3 -std=gnu11 -g3 -DDEBUG -DUSE_HAL_DRIVER -DSTM32F103x6 -c -I../Core/Inc -I../Drivers/STM32F1xx_HAL_Driver/Inc -I../Drivers/STM32F1xx_HAL_Driver/Inc/Legacy -I../Drivers/CMSIS/Device/ST/STM32F1xx/Include -I../Drivers/CMSIS/Include -O0 -ffunction-sections -fdata-sections -Wall -fstack-usage -MMD -MP -MF"Core/Src/button.d" -MT"Core/Src/button.o" --specs=nano.specs -mfloat-abi=soft -mthumb -o "Core/Src/button.o"
arm-none-eabi-gcc "../Core/Src/global.c" -mcpu=cortex-m3 -std=gnu11 -g3 -DDEBUG -DUSE_HAL_DRIVER -DSTM32F103x6 -c -I../Core/Inc -I../Drivers/STM32F1xx_HAL_Driver/Inc -I../Drivers/STM32F1xx_HAL_Driver/Inc/Legacy -I../Drivers/CMSIS/Device/ST/STM32F1xx/Include -I../Drivers/CMSIS/Include -O0 -ffunction-sections -fdata-sections -Wall -fstack-usage -MMD -MP -MF"Core/Src/global.d" -MT"Core/Src/global.o" --specs=nano.specs -mfloat-abi=soft -mthumb -o "Core/Src/global.o"
../Core/Src/State_Machine.c: In function 'fsm_simple_buttons_run':
../Core/Src/State_Machine.c:23:4: warning: implicit declaration of function 'CountDown' [-Wimplicit-function-declaration]
   23 |    CountDown();
      |    ^~~~~~~~~
arm-none-eabi-gcc -o "Button1.elf" @"objects.list"   -mcpu=cortex-m3 -T"D:\Tai lieu BK\File TN\Vi xu ly\FIle_GK\Button1\STM32F103C6UX_FLASH.ld" --specs=nosys.specs -Wl,-Map="Button1.map" -Wl,--gc-sections -static --specs=nano.specs -mfloat-abi=soft -mthumb -Wl,--start-group -lc -lm -Wl,--end-group
Finished building target: Button1.elf
 
arm-none-eabi-size   Button1.elf 
arm-none-eabi-objdump -h -S  Button1.elf  > "Button1.list"
arm-none-eabi-objcopy  -O ihex  Button1.elf  "Button1.hex"
arm-none-eabi-objcopy  -O binary  Button1.elf  "Button1.bin"
   text	   data	    bss	    dec	    hex	filename
   8840	     24	   1760	  10624	   2980	Button1.elf
Finished building: default.size.stdout
 
Finished building: Button1.hex
Finished building: Button1.bin
 
 
Finished building: Button1.list
 
17:54:37 **** Incremental Build of configuration Debug for project Button1 ****
make -j16 all 
arm-none-eabi-gcc "../Core/Src/Display.c" -mcpu=cortex-m3 -std=gnu11 -g3 -DDEBUG -DUSE_HAL_DRIVER -DSTM32F103x6 -c -I../Core/Inc -I../Drivers/STM32F1xx_HAL_Driver/Inc -I../Drivers/STM32F1xx_HAL_Driver/Inc/Legacy -I../Drivers/CMSIS/Device/ST/STM32F1xx/Include -I../Drivers/CMSIS/Include -O0 -ffunction-sections -fdata-sections -Wall -fstack-usage -MMD -MP -MF"Core/Src/Display.d" -MT"Core/Src/Display.o" --specs=nano.specs -mfloat-abi=soft -mthumb -o "Core/Src/Display.o"
arm-none-eabi-gcc "../Core/Src/State_Machine.c" -mcpu=cortex-m3 -std=gnu11 -g3 -DDEBUG -DUSE_HAL_DRIVER -DSTM32F103x6 -c -I../Core/Inc -I../Drivers/STM32F1xx_HAL_Driver/Inc -I../Drivers/STM32F1xx_HAL_Driver/Inc/Legacy -I../Drivers/CMSIS/Device/ST/STM32F1xx/Include -I../Drivers/CMSIS/Include -O0 -ffunction-sections -fdata-sections -Wall -fstack-usage -MMD -MP -MF"Core/Src/State_Machine.d" -MT"Core/Src/State_Machine.o" --specs=nano.specs -mfloat-abi=soft -mthumb -o "Core/Src/State_Machine.o"
arm-none-eabi-gcc "../Core/Src/global.c" -mcpu=cortex-m3 -std=gnu11 -g3 -DDEBUG -DUSE_HAL_DRIVER -DSTM32F103x6 -c -I../Core/Inc -I../Drivers/STM32F1xx_HAL_Driver/Inc -I../Drivers/STM32F1xx_HAL_Driver/Inc/Legacy -I../Drivers/CMSIS/Device/ST/STM32F1xx/Include -I../Drivers/CMSIS/Include -O0 -ffunction-sections -fdata-sections -Wall -fstack-usage -MMD -MP -MF"Core/Src/global.d" -MT"Core/Src/global.o" --specs=nano.specs -mfloat-abi=soft -mthumb -o "Core/Src/global.o"
[...]
arm-none-eabi-gcc -o "Button1.elf" @"objects.list"   -mcpu=cortex-m3 -T"D:\Tai lieu BK\File TN\Vi xu ly\FIle_GK\Button1\STM32F103C6UX_FLASH.ld" --specs=nosys.specs -Wl,-Map="Button1.map" -Wl,--gc-sections -static --specs=nano.specs -mfloat-abi=soft -mthumb -Wl,--start-group -lc -lm -Wl,--end-group
Finished building target: Button1.elf
 
arm-none-eabi-size   Button1.elf 
arm-none-eabi-objdump -h -S  Button1.elf  > "Button1.list"
arm-none-eabi-objcopy  -O ihex  Button1.elf  "Button1.hex"
arm-none-eabi-objcopy  -O binary  Button1.elf  "Button1.bin"
   text	   data	    bss	    dec	    hex	filename
   8832	     24	   1760	  10616	   2978	Button1.elf
Finished building: default.size.stdout
 
Finished building: Button1.hex
Finished building: Button1.bin
 
 
Finished building: Button1.list
 
19:32:23 **** Incremental Build of configuration Debug for project Button1 ****
make -j16 all 
arm-none-eabi-gcc "../Core/Src/button.c" -mcpu=cortex-m3 -std=gnu11 -g3 -DDEBUG -DUSE_HAL_DRIVER -DSTM32F103x6 -c -I../Core/Inc -I../Drivers/STM32F1xx_HAL_Driver/Inc -I../Drivers/STM32F1xx_HAL_Driver/Inc/Legacy -I../Drivers/CMSIS/Device/ST/STM32F1xx/Include -I../Drivers/CMSIS/Include -O0 -ffunction-sections -fdata-sections -Wall -fstack-usage -MMD -MP -MF"Core/Src/button.d" -MT"Core/Src/button.o" --specs=nano.specs -mfloat-abi=soft -mthumb -o "Core/Src/button.o"
arm-none-eabi-gcc -o "Button1.elf" @"objects.list"   -mcpu=cortex-m3 -T"D:\Tai lieu BK\File TN\Vi xu ly\FIle_GK\Button1\STM32F103C6UX_FLASH.ld" --specs=nosys.specs -Wl,-Map="Button1.map" -Wl,--gc-sections -static --specs=nano.specs -mfloat-abi=soft -mthumb -Wl,--start-group -lc -lm -Wl,--end-group
Finished building target: Button1.elf
 
arm-none-eabi-size   Button1.elf 
arm-none-eabi-objdump -h -S  Button1.elf  > "Button1.list"
arm-none-eabi-objcopy  -O ihex  Button1.elf  "Button1.hex"
arm-none-eabi-objcopy  -O binary  Button1.elf  "Button1.bin"
   text	   data	    bss	    dec	    hex	filename
   8820	     24	   1760	  10604	   296c	Button1.elf
Finished building: default.size.stdout
 
Finished building: Button1.bin
Finished building: Button1.hex
 
 
Finished building: Button1.list
 
19:35:18 **** Incremental Build of configuration Debug for project Button1 ****
make -j16 all 
arm-none-eabi-gcc "../Core/Src/button.c" -mcpu=cortex-m3 -std=gnu11 -g3 -DDEBUG -DUSE_HAL_DRIVER -DSTM32F103x6 -c -I../Core/Inc -I../Drivers/STM32F1xx_HAL_Driver/Inc -I../Drivers/STM32F1xx_HAL_Driver/Inc/Legacy -I../Drivers/CMSIS/Device/ST/STM32F1xx/Include -I../Drivers/CMSIS/Include -O0 -ffunction-sections -fdata-sections -Wall -fstack-usage -MMD -MP -MF"Core/Src/button.d" -MT"Core/Src/button.o" --specs=nano.specs -mfloat-abi=soft -mthumb -o "Core/Src/button.o"
arm-none-eabi-gcc -o "Button1.elf" @"objects.list"   -mcpu=cortex-m3 -T"D:\Tai lieu BK\File TN\Vi xu ly\FIle_GK\Button1\STM32F103C6UX_FLASH.ld" --specs=nosys.specs -Wl,-Map="Button1.map" -Wl,--gc-sections -static --specs=nano.specs -mfloat-abi=soft -mthumb -Wl,--start-group -lc -lm -Wl,--end-group
Finished building target: Button1.elf
 
arm-none-eabi-size   Button1.elf 
arm-none-eabi-objdump -h -S  Button1.elf  > "Button1.list"
arm-none-eabi-objcopy  -O ihex  Button1.elf  "Button1.hex"
   text	   data	    bss	    dec	    hex	filename
   8808	     24	   1760	  10592	   2960	Button1.elf
arm-none-eabi-objcopy  -O binary  Button1.elf  "Button1.bin"
Finished building: default.size.stdout
 
Finished building: Button1.hex
Finished building: Button1.bin
 
 
Finished building: Button1.list
 
19:44:28 **** Incremental Build of configuration Debug for project Button1 ****
make -j16 all 
arm-none-eabi-gcc "../Core/Src/State_Machine.c" -mcpu=cortex-m3 -std=gnu11 -g3 -DDEBUG -DUSE_HAL_DRIVER -DSTM32F103x6 -c -I../Core/Inc -I../Drivers/STM32F1xx_HAL_Driver/Inc -I../Drivers/STM32F1xx_HAL_Driver/Inc/Legacy -I../Drivers/CMSIS/Device/ST/STM32F1xx/Include -I../Drivers/CMSIS/Include -O0 -ffunction-sections -fdata-sections -Wall -fstack-usage -MMD -MP -MF"Core/Src/State_Machine.d" -MT"Core/Src/State_Machine.o" --specs=nano.specs -mfloat-abi=soft -mthumb -o "Core/Src/State_Machine.o"
arm-none-eabi-gcc -o "Button1.elf" @"objects.list"   -mcpu=cortex-m3 -T"D:\Tai lieu BK\File TN\Vi xu ly\FIle_GK\Button1\STM32F103C6UX_FLASH.ld" --specs=nosys.specs -Wl,-Map="Button1.map" -Wl,--gc-sections -static --specs=nano.specs -mfloat-abi=soft -mthumb -Wl,--start-group -lc -lm -Wl,--end-group
Finished building target: Button1.elf
 
arm-none-eabi-size   Button1.elf 
arm-none-eabi-objdump -h -S  Button1.elf  > "Button1.list"
arm-none-eabi-objcopy  -O ihex  Button1.elf  "Button1.hex"
   text	   data	    bss	    dec	    hex	filename
   9224	     24	   1760	  11008	   2b00	Button1.elf
arm-none-eabi-objcopy  -O binary  Button1.elf  "Button1.bin"
Finished building: default.size.stdout
 
Finished building: Button1.hex
Finished building: Button1.bin
 
 
Finished building: Button1.list
 
19:53:12 **** Incremental Build of configuration Debug for project Button1 ****
make -j16 all 
arm-none-eabi-gcc "../Core/Src/Display.c" -mcpu=cortex-m3 -std=gnu11 -g3 -DDEBUG -DUSE_HAL_DRIVER -DSTM32F103x6 -c -I../Core/Inc -I../Drivers/STM32F1xx_HAL_Driver/Inc -I../Drivers/STM32F1xx_HAL_Driver/Inc/Legacy -I../Drivers/CMSIS/Device/ST/STM32F1xx/Include -I../Drivers/CMSIS/Include -O0 -ffunction-sections -fdata-sections -Wall -fstack-usage -MMD -MP -MF"Core/Src/Display.d" -MT"Core/Src/Display.o" --specs=nano.specs -mfloat-abi=soft -mthumb -o "Core/Src/Display.o"
arm-none-eabi-gcc "../Core/Src/State_Machine.c" -mcpu=cortex-m3 -std=gnu11 -g3 -DDEBUG -DUSE_HAL_DRIVER -DSTM32F103x6 -c -I../Core/Inc -I../Drivers/STM32F1xx_HAL_Driver/Inc -I../Drivers/STM32F1xx_HAL_Driver/Inc/Legacy -I../Drivers/CMSIS/Device/ST/STM32F1xx/Include -I../Drivers/CMSIS/Include -O0 -ffunction-sections -fdata-sections -Wall -fstack-usage -MMD -MP -MF"Core/Src/State_Machine.d" -MT"Core/Src/State_Machine.o" --specs=nano.specs -mfloat-abi=soft -mthumb -o "Core/Src/State_Machine.o"
arm-none-eabi-gcc "../Core/Src/global.c" -mcpu=cortex-m3 -std=gnu11 -g3 -DDEBUG -DUSE_HAL_DRIVER -DSTM32F103x6 -c -I../Core/Inc -I../Drivers/STM32F1xx_HAL_Driver/Inc -I../Drivers/STM32F1xx_HAL_Driver/Inc/Legacy -I../Drivers/CMSIS/Device/ST/STM32F1xx/Include -I../Drivers/CMSIS/Include -O0 -ffunction-sections -fdata-sections -Wall -fstack-usage -MMD -MP -MF"Core/Src/global.d" -MT"Core/Src/global.o" --specs=nano.specs -mfloat-abi=soft -mthumb -o "Core/Src/global.o"
arm-none-eabi-gcc "../Core/Src/main.c" -mcpu=cortex-m3 -std=gnu11 -g3 -DDEBUG -DUSE_HAL_DRIVER -DSTM32F103x6 -c -I../Core/Inc -I../Drivers/STM32F1xx_HAL_Driver/Inc -I../Drivers/STM32F1xx_HAL_Driver/Inc/Legacy -I../Drivers/CMSIS/Device/ST/STM32F1xx/Include -I../Drivers/CMSIS/Include -O0 -ffunction-sections -fdata-sections -Wall -fstack-usage -MMD -MP -MF"Core/Src/main.d" -MT"Core/Src/main.o" --specs=nano.specs -mfloat-abi=soft -mthumb -o "Core/Src/main.o"
arm-none-eabi-gcc -o "Button1.elf" @"objects.list"   -mcpu=cortex-m3 -T"D:\Tai lieu BK\File TN\Vi xu ly\FIle_GK\Button1\STM32F103C6UX_FLASH.ld" --specs=nosys.specs -Wl,-Map="Button1.map" -Wl,--gc-sections -static --specs=nano.specs -mfloat-abi=soft -mthumb -Wl,--start-group -lc -lm -Wl,--end-group
Finished building target: Button1.elf
 
arm-none-eabi-size   Button1.elf 
arm-none-eabi-objdump -h -S  Button1.elf  > "Button1.list"
arm-none-eabi-objcopy  -O ihex  Button1.elf  "Button1.hex"
arm-none-eabi-objcopy  -O binary  Button1.elf  "Button1.bin"
   text	   data	    bss	    dec	    hex	filename
   9224	     24	   1760	  11008	   2b00	Button1.elf
Finished building: default.size.stdout
 
Finished building: Button1.hex
Finished building: Button1.bin
 
 
Finished building: Button1.list
 
19:58:07 **** Incremental Build of configuration Debug for project Button1 ****
make -j16 all 
arm-none-eabi-gcc "../Core/Src/State_Machine.c" -mcpu=cortex-m3 -std=gnu11 -g3 -DDEBUG -DUSE_HAL_DRIVER -DSTM32F103x6 -c -I../Core/Inc -I../Drivers/STM32F1xx_HAL_Driver/Inc -I../Drivers/STM32F1xx_HAL_Driver/Inc/Legacy -I../Drivers/CMSIS/Device/ST/STM32F1xx/Include -I../Drivers/CMSIS/Include -O0 -ffunction-sections -fdata-sections -Wall -fstack-usage -MMD -MP -MF"Core/Src/State_Machine.d" -MT"Core/Src/State_Machine.o" --specs=nano.specs -mfloat-abi=soft -mthumb -o "Core/Src/State_Machine.o"
arm-none-eabi-gcc -o "Button1.elf" @"objects.list"   -mcpu=cortex-m3 -T"D:\Tai lieu BK\File TN\Vi xu ly\FIle_GK\Button1\STM32F103C6UX_FLASH.ld" --specs=nosys.specs -Wl,-Map="Button1.map" -Wl,--gc-sections -static --specs=nano.specs -mfloat-abi=soft -mthumb -Wl,--start-group -lc -lm -Wl,--end-group
Finished building target: Button1.elf
 
arm-none-eabi-size   Button1.elf 
arm-none-eabi-objdump -h -S  Button1.elf  > "Button1.list"
arm-none-eabi-objcopy  -O ihex  Button1.elf  "Button1.hex"
   text	   data	    bss	    dec	    hex	filename
   9184	     24	   1760	  10968	   2ad8	Button1.elf
arm-none-eabi-objcopy  -O binary  Button1.elf  "Button1.bin"
Finished building: default.size.stdout
 
Finished building: Button1.hex
Finished building: Button1.bin
 
 
Finished building: Button1.list
 
19:59:52 **** Incremental Build of configuration Debug for project Button1 ****
make -j16 all 
arm-none-eabi-gcc "../Core/Src/State_Machine.c" -mcpu=cortex-m3 -std=gnu11 -g3 -DDEBUG -DUSE_HAL_DRIVER -DSTM32F103x6 -c -I../Core/Inc -I../Drivers/STM32F1xx_HAL_Driver/Inc -I../Drivers/STM32F1xx_HAL_Driver/Inc/Legacy -I../Drivers/CMSIS/Device/ST/STM32F1xx/Include -I../Drivers/CMSIS/Include -O0 -ffunction-sections -fdata-sections -Wall -fstack-usage -MMD -MP -MF"Core/Src/State_Machine.d" -MT"Core/Src/State_Machine.o" --specs=nano.specs -mfloat-abi=soft -mthumb -o "Core/Src/State_Machine.o"
arm-none-eabi-gcc -o "Button1.elf" @"objects.list"   -mcpu=cortex-m3 -T"D:\Tai lieu BK\File TN\Vi xu ly\FIle_GK\Button1\STM32F103C6UX_FLASH.ld" --specs=nosys.specs -Wl,-Map="Button1.map" -Wl,--gc-sections -static --specs=nano.specs -mfloat-abi=soft -mthumb -Wl,--start-group -lc -lm -Wl,--end-group
Finished building target: Button1.elf
 
arm-none-eabi-size   Button1.elf 
arm-none-eabi-objdump -h -S  Button1.elf  > "Button1.list"
arm-none-eabi-objcopy  -O ihex  Button1.elf  "Button1.hex"
arm-none-eabi-objcopy  -O binary  Button1.elf  "Button1.bin"
   text	   data	    bss	    dec	    hex	filename
   9224	     24	   1760	  11008	   2b00	Button1.elf
Finished building: default.size.stdout
 
Finished building: Button1.hex
Finished building: Button1.bin
 
 
Finished building: Button1.list
 
20:13:45 **** Incremental Build of configuration Debug for project Button1 ****
make -j16 all 
arm-none-eabi-gcc "../Core/Src/Display.c" -mcpu=cortex-m3 -std=gnu11 -g3 -DDEBUG -DUSE_HAL_DRIVER -DSTM32F103x6 -c -I../Core/Inc -I../Drivers/STM32F1xx_HAL_Driver/Inc -I../Drivers/STM32F1xx_HAL_Driver/Inc/Legacy -I../Drivers/CMSIS/Device/ST/STM32F1xx/Include -I../Drivers/CMSIS/Include -O0 -ffunction-sections -fdata-sections -Wall -fstack-usage -MMD -MP -MF"Core/Src/Display.d" -MT"Core/Src/Display.o" --specs=nano.specs -mfloat-abi=soft -mthumb -o "Core/Src/Display.o"
arm-none-eabi-gcc "../Core/Src/Software_timer.c" -mcpu=cortex-m3 -std=gnu11 -g3 -DDEBUG -DUSE_HAL_DRIVER -DSTM32F103x6 -c -I../Core/Inc -I../Drivers/STM32F1xx_HAL_Driver/Inc -I../Drivers/STM32F1xx_HAL_Driver/Inc/Legacy -I../Drivers/CMSIS/Device/ST/STM32F1xx/Include -I../Drivers/CMSIS/Include -O0 -ffunction-sections -fdata-sections -Wall -fstack-usage -MMD -MP -MF"Core/Src/Software_timer.d" -MT"Core/Src/Software_timer.o" --specs=nano.specs -mfloat-abi=soft -mthumb -o "Core/Src/Software_timer.o"
arm-none-eabi-gcc "../Core/Src/State_Machine.c" -mcpu=cortex-m3 -std=gnu11 -g3 -DDEBUG -DUSE_HAL_DRIVER -DSTM32F103x6 -c -I../Core/Inc -I../Drivers/STM32F1xx_HAL_Driver/Inc -I../Drivers/STM32F1xx_HAL_Driver/Inc/Legacy -I../Drivers/CMSIS/Device/ST/STM32F1xx/Include -I../Drivers/CMSIS/Include -O0 -ffunction-sections -fdata-sections -Wall -fstack-usage -MMD -MP -MF"Core/Src/State_Machine.d" -MT"Core/Src/State_Machine.o" --specs=nano.specs -mfloat-abi=soft -mthumb -o "Core/Src/State_Machine.o"
arm-none-eabi-gcc "../Core/Src/main.c" -mcpu=cortex-m3 -std=gnu11 -g3 -DDEBUG -DUSE_HAL_DRIVER -DSTM32F103x6 -c -I../Core/Inc -I../Drivers/STM32F1xx_HAL_Driver/Inc -I../Drivers/STM32F1xx_HAL_Driver/Inc/Legacy -I../Drivers/CMSIS/Device/ST/STM32F1xx/Include -I../Drivers/CMSIS/Include -O0 -ffunction-sections -fdata-sections -Wall -fstack-usage -MMD -MP -MF"Core/Src/main.d" -MT"Core/Src/main.o" --specs=nano.specs -mfloat-abi=soft -mthumb -o "Core/Src/main.o"
arm-none-eabi-gcc -o "Button1.elf" @"objects.list"   -mcpu=cortex-m3 -T"D:\Tai lieu BK\File TN\Vi xu ly\FIle_GK\Button1\STM32F103C6UX_FLASH.ld" --specs=nosys.specs -Wl,-Map="Button1.map" -Wl,--gc-sections -static --specs=nano.specs -mfloat-abi=soft -mthumb -Wl,--start-group -lc -lm -Wl,--end-group
Finished building target: Button1.elf
 
arm-none-eabi-size   Button1.elf 
arm-none-eabi-objdump -h -S  Button1.elf  > "Button1.list"
arm-none-eabi-objcopy  -O ihex  Button1.elf  "Button1.hex"
   text	   data	    bss	    dec	    hex	filename
   9144	     24	   1744	  10912	   2aa0	Button1.elf
arm-none-eabi-objcopy  -O binary  Button1.elf  "Button1.bin"
Finished building: default.size.stdout
 
Finished building: Button1.hex
Finished building: Button1.bin
 
 
Finished building: Button1.list
 
20:14:58 **** Incremental Build of configuration Debug for project Button1 ****
make -j16 all 
arm-none-eabi-gcc "../Core/Src/Display.c" -mcpu=cortex-m3 -std=gnu11 -g3 -DDEBUG -DUSE_HAL_DRIVER -DSTM32F103x6 -c -I../Core/Inc -I../Drivers/STM32F1xx_HAL_Driver/Inc -I../Drivers/STM32F1xx_HAL_Driver/Inc/Legacy -I../Drivers/CMSIS/Device/ST/STM32F1xx/Include -I../Drivers/CMSIS/Include -O0 -ffunction-sections -fdata-sections -Wall -fstack-usage -MMD -MP -MF"Core/Src/Display.d" -MT"Core/Src/Display.o" --specs=nano.specs -mfloat-abi=soft -mthumb -o "Core/Src/Display.o"
arm-none-eabi-gcc "../Core/Src/State_Machine.c" -mcpu=cortex-m3 -std=gnu11 -g3 -DDEBUG -DUSE_HAL_DRIVER -DSTM32F103x6 -c -I../Core/Inc -I../Drivers/STM32F1xx_HAL_Driver/Inc -I../Drivers/STM32F1xx_HAL_Driver/Inc/Legacy -I../Drivers/CMSIS/Device/ST/STM32F1xx/Include -I../Drivers/CMSIS/Include -O0 -ffunction-sections -fdata-sections -Wall -fstack-usage -MMD -MP -MF"Core/Src/State_Machine.d" -MT"Core/Src/State_Machine.o" --specs=nano.specs -mfloat-abi=soft -mthumb -o "Core/Src/State_Machine.o"
arm-none-eabi-gcc "../Core/Src/button.c" -mcpu=cortex-m3 -std=gnu11 -g3 -DDEBUG -DUSE_HAL_DRIVER -DSTM32F103x6 -c -I../Core/Inc -I../Drivers/STM32F1xx_HAL_Driver/Inc -I../Drivers/STM32F1xx_HAL_Driver/Inc/Legacy -I../Drivers/CMSIS/Device/ST/STM32F1xx/Include -I../Drivers/CMSIS/Include -O0 -ffunction-sections -fdata-sections -Wall -fstack-usage -MMD -MP -MF"Core/Src/button.d" -MT"Core/Src/button.o" --specs=nano.specs -mfloat-abi=soft -mthumb -o "Core/Src/button.o"
arm-none-eabi-gcc "../Core/Src/global.c" -mcpu=cortex-m3 -std=gnu11 -g3 -DDEBUG -DUSE_HAL_DRIVER -DSTM32F103x6 -c -I../Core/Inc -I../Drivers/STM32F1xx_HAL_Driver/Inc -I../Drivers/STM32F1xx_HAL_Driver/Inc/Legacy -I../Drivers/CMSIS/Device/ST/STM32F1xx/Include -I../Drivers/CMSIS/Include -O0 -ffunction-sections -fdata-sections -Wall -fstack-usage -MMD -MP -MF"Core/Src/global.d" -MT"Core/Src/global.o" --specs=nano.specs -mfloat-abi=soft -mthumb -o "Core/Src/global.o"
arm-none-eabi-gcc "../Core/Src/main.c" -mcpu=cortex-m3 -std=gnu11 -g3 -DDEBUG -DUSE_HAL_DRIVER -DSTM32F103x6 -c -I../Core/Inc -I../Drivers/STM32F1xx_HAL_Driver/Inc -I../Drivers/STM32F1xx_HAL_Driver/Inc/Legacy -I../Drivers/CMSIS/Device/ST/STM32F1xx/Include -I../Drivers/CMSIS/Include -O0 -ffunction-sections -fdata-sections -Wall -fstack-usage -MMD -MP -MF"Core/Src/main.d" -MT"Core/Src/main.o" --specs=nano.specs -mfloat-abi=soft -mthumb -o "Core/Src/main.o"
arm-none-eabi-gcc -o "Button1.elf" @"objects.list"   -mcpu=cortex-m3 -T"D:\Tai lieu BK\File TN\Vi xu ly\FIle_GK\Button1\STM32F103C6UX_FLASH.ld" --specs=nosys.specs -Wl,-Map="Button1.map" -Wl,--gc-sections -static --specs=nano.specs -mfloat-abi=soft -mthumb -Wl,--start-group -lc -lm -Wl,--end-group
Finished building target: Button1.elf
 
arm-none-eabi-size   Button1.elf 
arm-none-eabi-objdump -h -S  Button1.elf  > "Button1.list"
arm-none-eabi-objcopy  -O ihex  Button1.elf  "Button1.hex"
arm-none-eabi-objcopy  -O binary  Button1.elf  "Button1.bin"
   text	   data	    bss	    dec	    hex	filename
   9144	     24	   1744	  10912	   2aa0	Button1.elf
Finished building: default.size.stdout
 
Finished building: Button1.hex
Finished building: Button1.bin
 
 
Finished building: Button1.list
 
20:17:14 **** Incremental Build of configuration Debug for project Button1 ****
make -j16 all 
arm-none-eabi-gcc "../Core/Src/button.c" -mcpu=cortex-m3 -std=gnu11 -g3 -DDEBUG -DUSE_HAL_DRIVER -DSTM32F103x6 -c -I../Core/Inc -I../Drivers/STM32F1xx_HAL_Driver/Inc -I../Drivers/STM32F1xx_HAL_Driver/Inc/Legacy -I../Drivers/CMSIS/Device/ST/STM32F1xx/Include -I../Drivers/CMSIS/Include -O0 -ffunction-sections -fdata-sections -Wall -fstack-usage -MMD -MP -MF"Core/Src/button.d" -MT"Core/Src/button.o" --specs=nano.specs -mfloat-abi=soft -mthumb -o "Core/Src/button.o"
arm-none-eabi-gcc -o "Button1.elf" @"objects.list"   -mcpu=cortex-m3 -T"D:\Tai lieu BK\File TN\Vi xu ly\FIle_GK\Button1\STM32F103C6UX_FLASH.ld" --specs=nosys.specs -Wl,-Map="Button1.map" -Wl,--gc-sections -static --specs=nano.specs -mfloat-abi=soft -mthumb -Wl,--start-group -lc -lm -Wl,--end-group
Finished building target: Button1.elf
 
arm-none-eabi-size   Button1.elf 
arm-none-eabi-objdump -h -S  Button1.elf  > "Button1.list"
arm-none-eabi-objcopy  -O ihex  Button1.elf  "Button1.hex"
   text	   data	    bss	    dec	    hex	filename
   9144	     24	   1744	  10912	   2aa0	Button1.elf
arm-none-eabi-objcopy  -O binary  Button1.elf  "Button1.bin"
Finished building: default.size.stdout
 
Finished building: Button1.hex
Finished building: Button1.bin
 
 
Finished building: Button1.list
 
20:18:28 **** Incremental Build of configuration Debug for project Button1 ****
make -j16 all 
arm-none-eabi-gcc "../Core/Src/button.c" -mcpu=cortex-m3 -std=gnu11 -g3 -DDEBUG -DUSE_HAL_DRIVER -DSTM32F103x6 -c -I../Core/Inc -I../Drivers/STM32F1xx_HAL_Driver/Inc -I../Drivers/STM32F1xx_HAL_Driver/Inc/Legacy -I../Drivers/CMSIS/Device/ST/STM32F1xx/Include -I../Drivers/CMSIS/Include -O0 -ffunction-sections -fdata-sections -Wall -fstack-usage -MMD -MP -MF"Core/Src/button.d" -MT"Core/Src/button.o" --specs=nano.specs -mfloat-abi=soft -mthumb -o "Core/Src/button.o"
arm-none-eabi-gcc "../Core/Src/main.c" -mcpu=cortex-m3 -std=gnu11 -g3 -DDEBUG -DUSE_HAL_DRIVER -DSTM32F103x6 -c -I../Core/Inc -I../Drivers/STM32F1xx_HAL_Driver/Inc -I../Drivers/STM32F1xx_HAL_Driver/Inc/Legacy -I../Drivers/CMSIS/Device/ST/STM32F1xx/Include -I../Drivers/CMSIS/Include -O0 -ffunction-sections -fdata-sections -Wall -fstack-usage -MMD -MP -MF"Core/Src/main.d" -MT"Core/Src/main.o" --specs=nano.specs -mfloat-abi=soft -mthumb -o "Core/Src/main.o"
arm-none-eabi-gcc -o "Button1.elf" @"objects.list"   -mcpu=cortex-m3 -T"D:\Tai lieu BK\File TN\Vi xu ly\FIle_GK\Button1\STM32F103C6UX_FLASH.ld" --specs=nosys.specs -Wl,-Map="Button1.map" -Wl,--gc-sections -static --specs=nano.specs -mfloat-abi=soft -mthumb -Wl,--start-group -lc -lm -Wl,--end-group
Finished building target: Button1.elf
 
arm-none-eabi-size   Button1.elf 
arm-none-eabi-objdump -h -S  Button1.elf  > "Button1.list"
arm-none-eabi-objcopy  -O ihex  Button1.elf  "Button1.hex"
   text	   data	    bss	    dec	    hex	filename
   9144	     24	   1744	  10912	   2aa0	Button1.elf
arm-none-eabi-objcopy  -O binary  Button1.elf  "Button1.bin"
Finished building: default.size.stdout
 
Finished building: Button1.hex
Finished building: Button1.bin
 
 
Finished building: Button1.list
 
